127.0.0.1 - - [07/Sep/2019:14:00:54 +0800] "POST /QuickRun/login.action HTTP/1.1" 200 11 http-bio-8888-exec-1 1468
127.0.0.1 - - [07/Sep/2019:14:01:02 +0800] "POST /QuickRun/login.action HTTP/1.1" 200 11 http-bio-8888-exec-2 26
127.0.0.1 - - [07/Sep/2019:14:01:02 +0800] "POST /QuickRun/getUser.action HTTP/1.1" 200 134 http-bio-8888-exec-3 41
0:0:0:0:0:0:0:1 - - [07/Sep/2019:14:01:02 +0800] "POST /QuickRun/queryAdd.action HTTP/1.1" 200 281 http-bio-8888-exec-5 36
0:0:0:0:0:0:0:1 - - [07/Sep/2019:14:01:02 +0800] "POST /QuickRun/query.action HTTP/1.1" 200 228 http-bio-8888-exec-4 37
0:0:0:0:0:0:0:1 - - [07/Sep/2019:14:01:02 +0800] "POST /QuickRun/queryTime.action HTTP/1.1" 200 110 http-bio-8888-exec-6 33
0:0:0:0:0:0:0:1 - - [07/Sep/2019:14:03:58 +0800] "POST /QuickRun/insert.action HTTP/1.1" 200 - http-bio-8888-exec-1 39
127.0.0.1 - - [07/Sep/2019:14:03:58 +0800] "POST /QuickRun/getUser.action HTTP/1.1" 200 134 http-bio-8888-exec-3 4
0:0:0:0:0:0:0:1 - - [07/Sep/2019:14:03:58 +0800] "POST /QuickRun/query.action HTTP/1.1" 200 228 http-bio-8888-exec-4 8
0:0:0:0:0:0:0:1 - - [07/Sep/2019:14:03:58 +0800] "POST /QuickRun/queryAdd.action HTTP/1.1" 200 281 http-bio-8888-exec-6 9
0:0:0:0:0:0:0:1 - - [07/Sep/2019:14:03:58 +0800] "POST /QuickRun/queryTime.action HTTP/1.1" 200 110 http-bio-8888-exec-7 8
127.0.0.1 - - [07/Sep/2019:14:06:34 +0800] "POST /QuickRun/getUser.action HTTP/1.1" 200 134 http-bio-8888-exec-2 10
127.0.0.1 - - [07/Sep/2019:14:06:34 +0800] "POST /QuickRun/getUser.action HTTP/1.1" 200 134 http-bio-8888-exec-2 5
0:0:0:0:0:0:0:1 - - [07/Sep/2019:14:06:34 +0800] "POST /QuickRun/selectorderbyuid.action HTTP/1.1" 200 3900 http-bio-8888-exec-9 60
0:0:0:0:0:0:0:1 - - [07/Sep/2019:14:06:37 +0800] "POST /QuickRun/findOrderdetailsByordId.action HTTP/1.1" 200 746 http-bio-8888-exec-9 12
127.0.0.1 - - [07/Sep/2019:14:06:47 +0800] "POST /QuickRun/getUser.action HTTP/1.1" 200 134 http-bio-8888-exec-2 3
127.0.0.1 - - [07/Sep/2019:14:06:47 +0800] "POST /QuickRun/getUser.action HTTP/1.1" 200 134 http-bio-8888-exec-2 4
0:0:0:0:0:0:0:1 - - [07/Sep/2019:14:06:47 +0800] "POST /QuickRun/selectorderbyuid.action HTTP/1.1" 200 3900 http-bio-8888-exec-9 12
127.0.0.1 - - [07/Sep/2019:14:06:50 +0800] "POST /QuickRun/getUser.action HTTP/1.1" 200 134 http-bio-8888-exec-2 5
127.0.0.1 - - [07/Sep/2019:14:06:50 +0800] "POST /QuickRun/getUser.action HTTP/1.1" 200 134 http-bio-8888-exec-2 4
0:0:0:0:0:0:0:1 - - [07/Sep/2019:14:06:50 +0800] "POST /QuickRun/selectorderbyuid.action HTTP/1.1" 200 3900 http-bio-8888-exec-6 15
0:0:0:0:0:0:0:1 - - [07/Sep/2019:14:07:02 +0800] "POST /QuickRun/insertComplaint.action HTTP/1.1" 200 11 http-bio-8888-exec-6 19
127.0.0.1 - - [07/Sep/2019:14:07:02 +0800] "POST /QuickRun/getUser.action HTTP/1.1" 200 134 http-bio-8888-exec-2 5
127.0.0.1 - - [07/Sep/2019:14:07:02 +0800] "POST /QuickRun/getUser.action HTTP/1.1" 200 134 http-bio-8888-exec-2 5
0:0:0:0:0:0:0:1 - - [07/Sep/2019:14:07:02 +0800] "POST /QuickRun/selectorderbyuid.action HTTP/1.1" 200 3913 http-bio-8888-exec-6 9
0:0:0:0:0:0:0:1 - - [07/Sep/2019:14:07:04 +0800] "POST /QuickRun/findOrderdetailsByordId.action HTTP/1.1" 200 759 http-bio-8888-exec-6 14
127.0.0.1 - - [07/Sep/2019:14:07:08 +0800] "POST /QuickRun/getUser.action HTTP/1.1" 200 134 http-bio-8888-exec-2 5
127.0.0.1 - - [07/Sep/2019:14:07:08 +0800] "POST /QuickRun/getUser.action HTTP/1.1" 200 134 http-bio-8888-exec-2 6
0:0:0:0:0:0:0:1 - - [07/Sep/2019:14:07:08 +0800] "POST /QuickRun/selectorderbyuid.action HTTP/1.1" 200 3913 http-bio-8888-exec-6 8
127.0.0.1 - - [07/Sep/2019:14:07:17 +0800] "POST /QuickRun/getUser.action HTTP/1.1" 200 134 http-bio-8888-exec-2 5
127.0.0.1 - - [07/Sep/2019:14:07:17 +0800] "POST /QuickRun/getUser.action HTTP/1.1" 200 134 http-bio-8888-exec-2 3
0:0:0:0:0:0:0:1 - - [07/Sep/2019:14:07:17 +0800] "POST /QuickRun/selectorderbyuid.action HTTP/1.1" 200 3913 http-bio-8888-exec-10 9
0:0:0:0:0:0:0:1 - - [07/Sep/2019:14:07:21 +0800] "POST /QuickRun/findOrderdetailsByordId.action HTTP/1.1" 200 701 http-bio-8888-exec-10 9
127.0.0.1 - - [07/Sep/2019:14:07:23 +0800] "POST /QuickRun/getUser.action HTTP/1.1" 200 134 http-bio-8888-exec-2 5
127.0.0.1 - - [07/Sep/2019:14:07:23 +0800] "POST /QuickRun/getUser.action HTTP/1.1" 200 134 http-bio-8888-exec-2 5
0:0:0:0:0:0:0:1 - - [07/Sep/2019:14:07:23 +0800] "POST /QuickRun/selectorderbyuid.action HTTP/1.1" 200 3913 http-bio-8888-exec-10 8
127.0.0.1 - - [07/Sep/2019:14:07:46 +0800] "POST /QuickRun/getUser.action HTTP/1.1" 200 134 http-bio-8888-exec-2 3
0:0:0:0:0:0:0:1 - - [07/Sep/2019:14:07:46 +0800] "POST /QuickRun/showUser.action HTTP/1.1" 200 360 http-bio-8888-exec-10 60
127.0.0.1 - - [07/Sep/2019:14:07:46 +0800] "GET /QuickRun/uploads/55e06ca9d4834ff4a5be25f2242a0c971567754481991u=3360783486,1590444896&fm=27&gp=0.jpg HTTP/1.1" 304 - http-bio-8888-exec-6 79
127.0.0.1 - - [07/Sep/2019:14:07:57 +0800] "POST /QuickRun/getUser.action HTTP/1.1" 200 134 http-bio-8888-exec-6 3
127.0.0.1 - - [07/Sep/2019:14:07:57 +0800] "POST /QuickRun/showUser.action HTTP/1.1" 200 360 http-bio-8888-exec-4 6
127.0.0.1 - - [07/Sep/2019:14:07:58 +0800] "POST /QuickRun/getUser.action HTTP/1.1" 200 134 http-bio-8888-exec-6 3
0:0:0:0:0:0:0:1 - - [07/Sep/2019:14:07:58 +0800] "POST /QuickRun/showUser.action HTTP/1.1" 200 360 http-bio-8888-exec-10 5
127.0.0.1 - - [07/Sep/2019:14:08:07 +0800] "POST /QuickRun/getUser.action HTTP/1.1" 200 134 http-bio-8888-exec-7 4
127.0.0.1 - - [07/Sep/2019:14:08:45 +0800] "POST /QuickRun/getUser.action HTTP/1.1" 200 134 http-bio-8888-exec-7 6
127.0.0.1 - - [07/Sep/2019:14:09:15 +0800] "POST /QuickRun/getUser.action HTTP/1.1" 200 134 http-bio-8888-exec-7 3
0:0:0:0:0:0:0:1 - - [07/Sep/2019:14:09:15 +0800] "POST /QuickRun/queryAdd.action HTTP/1.1" 200 281 http-bio-8888-exec-9 5
0:0:0:0:0:0:0:1 - - [07/Sep/2019:14:09:15 +0800] "POST /QuickRun/query.action HTTP/1.1" 200 228 http-bio-8888-exec-3 5
0:0:0:0:0:0:0:1 - - [07/Sep/2019:14:09:15 +0800] "POST /QuickRun/queryTime.action HTTP/1.1" 200 110 http-bio-8888-exec-6 4
127.0.0.1 - - [07/Sep/2019:14:09:15 +0800] "POST /QuickRun/getUser.action HTTP/1.1" 200 134 http-bio-8888-exec-7 4
127.0.0.1 - - [07/Sep/2019:14:09:15 +0800] "POST /QuickRun/getUser.action HTTP/1.1" 200 134 http-bio-8888-exec-4 3
0:0:0:0:0:0:0:1 - - [07/Sep/2019:14:09:15 +0800] "POST /QuickRun/selectorderbyuid.action HTTP/1.1" 200 3913 http-bio-8888-exec-9 7
127.0.0.1 - - [07/Sep/2019:14:09:16 +0800] "POST /QuickRun/getUser.action HTTP/1.1" 200 134 http-bio-8888-exec-4 3
0:0:0:0:0:0:0:1 - - [07/Sep/2019:14:09:16 +0800] "POST /QuickRun/showUser.action HTTP/1.1" 200 360 http-bio-8888-exec-9 5
127.0.0.1 - - [07/Sep/2019:14:09:16 +0800] "POST /QuickRun/getUser.action HTTP/1.1" 200 134 http-bio-8888-exec-5 4
127.0.0.1 - - [07/Sep/2019:14:09:16 +0800] "POST /QuickRun/getUser.action HTTP/1.1" 200 134 http-bio-8888-exec-5 4
0:0:0:0:0:0:0:1 - - [07/Sep/2019:14:09:16 +0800] "POST /QuickRun/selectorderbyuid.action HTTP/1.1" 200 3913 http-bio-8888-exec-9 7
127.0.0.1 - - [07/Sep/2019:14:09:17 +0800] "POST /QuickRun/getUser.action HTTP/1.1" 200 134 http-bio-8888-exec-5 5
0:0:0:0:0:0:0:1 - - [07/Sep/2019:14:09:17 +0800] "POST /QuickRun/query.action HTTP/1.1" 200 228 http-bio-8888-exec-9 3
0:0:0:0:0:0:0:1 - - [07/Sep/2019:14:09:17 +0800] "POST /QuickRun/queryTime.action HTTP/1.1" 200 110 http-bio-8888-exec-3 3
0:0:0:0:0:0:0:1 - - [07/Sep/2019:14:09:17 +0800] "POST /QuickRun/queryAdd.action HTTP/1.1" 200 281 http-bio-8888-exec-2 5
127.0.0.1 - - [07/Sep/2019:14:09:19 +0800] "POST /QuickRun/getUser.action HTTP/1.1" 200 134 http-bio-8888-exec-5 4
127.0.0.1 - - [07/Sep/2019:14:09:29 +0800] "POST /QuickRun/getUser.action HTTP/1.1" 200 134 http-bio-8888-exec-5 3
0:0:0:0:0:0:0:1 - - [07/Sep/2019:14:09:29 +0800] "POST /QuickRun/queryAdd.action HTTP/1.1" 200 281 http-bio-8888-exec-3 4
0:0:0:0:0:0:0:1 - - [07/Sep/2019:14:09:29 +0800] "POST /QuickRun/queryTime.action HTTP/1.1" 200 110 http-bio-8888-exec-9 4
0:0:0:0:0:0:0:1 - - [07/Sep/2019:14:09:29 +0800] "POST /QuickRun/query.action HTTP/1.1" 200 228 http-bio-8888-exec-2 5
127.0.0.1 - - [07/Sep/2019:14:09:31 +0800] "POST /QuickRun/getUser.action HTTP/1.1" 200 134 http-bio-8888-exec-5 2
127.0.0.1 - - [07/Sep/2019:14:09:31 +0800] "POST /QuickRun/getUser.action HTTP/1.1" 200 134 http-bio-8888-exec-5 4
0:0:0:0:0:0:0:1 - - [07/Sep/2019:14:09:31 +0800] "POST /QuickRun/selectorderbyuid.action HTTP/1.1" 200 3913 http-bio-8888-exec-2 7
127.0.0.1 - - [07/Sep/2019:14:09:36 +0800] "POST /QuickRun/getUser.action HTTP/1.1" 200 134 http-bio-8888-exec-7 3
0:0:0:0:0:0:0:1 - - [07/Sep/2019:14:09:36 +0800] "POST /QuickRun/showUser.action HTTP/1.1" 200 360 http-bio-8888-exec-2 5
127.0.0.1 - - [07/Sep/2019:14:09:57 +0800] "POST /QuickRun/loginEmp.action HTTP/1.1" 200 179 http-bio-8888-exec-7 6
0:0:0:0:0:0:0:1 - - [07/Sep/2019:14:09:57 +0800] "POST /QuickRun/companyAll.action HTTP/1.1" 200 228 http-bio-8888-exec-9 5
0:0:0:0:0:0:0:1 - - [07/Sep/2019:14:09:57 +0800] "POST /QuickRun/addressEmp.action HTTP/1.1" 200 213 http-bio-8888-exec-3 11
0:0:0:0:0:0:0:1 - - [07/Sep/2019:14:09:57 +0800] "POST /QuickRun/orderEmpAll.action HTTP/1.1" 200 4751 http-bio-8888-exec-4 17
127.0.0.1 - - [07/Sep/2019:14:11:29 +0800] "POST /QuickRun/loginEmp.action HTTP/1.1" 200 179 http-bio-8888-exec-1 6
0:0:0:0:0:0:0:1 - - [07/Sep/2019:14:11:29 +0800] "POST /QuickRun/companyAll.action HTTP/1.1" 200 228 http-bio-8888-exec-8 4
0:0:0:0:0:0:0:1 - - [07/Sep/2019:14:11:29 +0800] "POST /QuickRun/addressEmp.action HTTP/1.1" 200 213 http-bio-8888-exec-5 7
0:0:0:0:0:0:0:1 - - [07/Sep/2019:14:11:29 +0800] "POST /QuickRun/orderEmpAll.action HTTP/1.1" 200 4751 http-bio-8888-exec-6 11
0:0:0:0:0:0:0:1 - - [07/Sep/2019:14:11:48 +0800] "POST /QuickRun/orderDetailEmp.action HTTP/1.1" 200 820 http-bio-8888-exec-4 7
0:0:0:0:0:0:0:1 - - [07/Sep/2019:14:11:51 +0800] "POST /QuickRun/orderDetailEmp.action HTTP/1.1" 200 820 http-bio-8888-exec-4 5
0:0:0:0:0:0:0:1 - - [07/Sep/2019:14:12:05 +0800] "POST /QuickRun/orderEmpNo.action HTTP/1.1" 200 3714 http-bio-8888-exec-4 6
0:0:0:0:0:0:0:1 - - [07/Sep/2019:14:12:12 +0800] "POST /QuickRun/orderEmpNo.action HTTP/1.1" 200 3714 http-bio-8888-exec-4 5
0:0:0:0:0:0:0:1 - - [07/Sep/2019:14:12:13 +0800] "POST /QuickRun/orderEmpNo.action HTTP/1.1" 200 1059 http-bio-8888-exec-4 13
0:0:0:0:0:0:0:1 - - [07/Sep/2019:14:12:15 +0800] "POST /QuickRun/orderEmpNo.action HTTP/1.1" 200 1059 http-bio-8888-exec-4 4
0:0:0:0:0:0:0:1 - - [07/Sep/2019:14:12:16 +0800] "POST /QuickRun/orderEmpNo.action HTTP/1.1" 200 537 http-bio-8888-exec-6 15
0:0:0:0:0:0:0:1 - - [07/Sep/2019:14:12:16 +0800] "POST /QuickRun/orderEmpNo.action HTTP/1.1" 200 535 http-bio-8888-exec-6 6
0:0:0:0:0:0:0:1 - - [07/Sep/2019:14:12:17 +0800] "POST /QuickRun/orderEmpNo.action HTTP/1.1" 200 12 http-bio-8888-exec-6 10
0:0:0:0:0:0:0:1 - - [07/Sep/2019:14:12:17 +0800] "POST /QuickRun/orderEmpNo.action HTTP/1.1" 200 535 http-bio-8888-exec-2 10
0:0:0:0:0:0:0:1 - - [07/Sep/2019:14:12:17 +0800] "POST /QuickRun/orderEmpNo.action HTTP/1.1" 200 537 http-bio-8888-exec-2 6
0:0:0:0:0:0:0:1 - - [07/Sep/2019:14:12:17 +0800] "POST /QuickRun/orderEmpNo.action HTTP/1.1" 200 1059 http-bio-8888-exec-2 4
0:0:0:0:0:0:0:1 - - [07/Sep/2019:14:12:18 +0800] "POST /QuickRun/orderEmpNo.action HTTP/1.1" 200 537 http-bio-8888-exec-2 10
0:0:0:0:0:0:0:1 - - [07/Sep/2019:14:12:19 +0800] "POST /QuickRun/orderEmpNo.action HTTP/1.1" 200 535 http-bio-8888-exec-2 12
0:0:0:0:0:0:0:1 - - [07/Sep/2019:14:12:20 +0800] "POST /QuickRun/orderEmpNo.action HTTP/1.1" 200 537 http-bio-8888-exec-2 14
0:0:0:0:0:0:0:1 - - [07/Sep/2019:14:12:20 +0800] "POST /QuickRun/orderEmpNo.action HTTP/1.1" 200 535 http-bio-8888-exec-2 5
0:0:0:0:0:0:0:1 - - [07/Sep/2019:14:12:21 +0800] "POST /QuickRun/orderEmpNo.action HTTP/1.1" 200 537 http-bio-8888-exec-2 11
0:0:0:0:0:0:0:1 - - [07/Sep/2019:14:12:22 +0800] "POST /QuickRun/orderEmpNo.action HTTP/1.1" 200 1059 http-bio-8888-exec-2 6
0:0:0:0:0:0:0:1 - - [07/Sep/2019:14:12:22 +0800] "POST /QuickRun/orderEmpNo.action HTTP/1.1" 200 537 http-bio-8888-exec-2 5
0:0:0:0:0:0:0:1 - - [07/Sep/2019:14:12:26 +0800] "POST /QuickRun/orderEmpNo.action HTTP/1.1" 200 535 http-bio-8888-exec-2 11
0:0:0:0:0:0:0:1 - - [07/Sep/2019:14:12:31 +0800] "POST /QuickRun/orderEmpNo.action HTTP/1.1" 200 12 http-bio-8888-exec-7 3
0:0:0:0:0:0:0:1 - - [07/Sep/2019:14:12:34 +0800] "POST /QuickRun/orderEmpNo.action HTTP/1.1" 200 535 http-bio-8888-exec-7 4
0:0:0:0:0:0:0:1 - - [07/Sep/2019:14:12:34 +0800] "POST /QuickRun/orderEmpNo.action HTTP/1.1" 200 537 http-bio-8888-exec-7 4
0:0:0:0:0:0:0:1 - - [07/Sep/2019:14:12:34 +0800] "POST /QuickRun/orderEmpNo.action HTTP/1.1" 200 1059 http-bio-8888-exec-7 5
0:0:0:0:0:0:0:1 - - [07/Sep/2019:14:12:34 +0800] "POST /QuickRun/orderEmpNo.action HTTP/1.1" 200 537 http-bio-8888-exec-7 3
0:0:0:0:0:0:0:1 - - [07/Sep/2019:14:12:34 +0800] "POST /QuickRun/orderEmpNo.action HTTP/1.1" 200 535 http-bio-8888-exec-7 3
0:0:0:0:0:0:0:1 - - [07/Sep/2019:14:12:34 +0800] "POST /QuickRun/orderEmpNo.action HTTP/1.1" 200 12 http-bio-8888-exec-7 3
0:0:0:0:0:0:0:1 - - [07/Sep/2019:14:12:34 +0800] "POST /QuickRun/orderEmpNo.action HTTP/1.1" 200 535 http-bio-8888-exec-7 6
0:0:0:0:0:0:0:1 - - [07/Sep/2019:14:12:34 +0800] "POST /QuickRun/orderEmpNo.action HTTP/1.1" 200 537 http-bio-8888-exec-7 4
0:0:0:0:0:0:0:1 - - [07/Sep/2019:14:12:34 +0800] "POST /QuickRun/orderEmpNo.action HTTP/1.1" 200 1059 http-bio-8888-exec-7 3
0:0:0:0:0:0:0:1 - - [07/Sep/2019:14:12:35 +0800] "POST /QuickRun/orderEmpNo.action HTTP/1.1" 200 537 http-bio-8888-exec-6 4
0:0:0:0:0:0:0:1 - - [07/Sep/2019:14:12:35 +0800] "POST /QuickRun/orderEmpNo.action HTTP/1.1" 200 535 http-bio-8888-exec-6 5
0:0:0:0:0:0:0:1 - - [07/Sep/2019:14:12:35 +0800] "POST /QuickRun/orderEmpNo.action HTTP/1.1" 200 12 http-bio-8888-exec-6 4
0:0:0:0:0:0:0:1 - - [07/Sep/2019:14:12:35 +0800] "POST /QuickRun/orderEmpNo.action HTTP/1.1" 200 537 http-bio-8888-exec-6 4
0:0:0:0:0:0:0:1 - - [07/Sep/2019:14:12:35 +0800] "POST /QuickRun/orderEmpNo.action HTTP/1.1" 200 1059 http-bio-8888-exec-6 5
0:0:0:0:0:0:0:1 - - [07/Sep/2019:14:12:35 +0800] "POST /QuickRun/orderEmpNo.action HTTP/1.1" 200 537 http-bio-8888-exec-6 12
0:0:0:0:0:0:0:1 - - [07/Sep/2019:14:12:35 +0800] "POST /QuickRun/orderEmpNo.action HTTP/1.1" 200 535 http-bio-8888-exec-1 10
0:0:0:0:0:0:0:1 - - [07/Sep/2019:14:12:35 +0800] "POST /QuickRun/orderEmpNo.action HTTP/1.1" 200 12 http-bio-8888-exec-6 10
0:0:0:0:0:0:0:1 - - [07/Sep/2019:14:12:35 +0800] "POST /QuickRun/orderEmpNo.action HTTP/1.1" 200 535 http-bio-8888-exec-6 5
0:0:0:0:0:0:0:1 - - [07/Sep/2019:14:12:35 +0800] "POST /QuickRun/orderEmpNo.action HTTP/1.1" 200 537 http-bio-8888-exec-6 4
0:0:0:0:0:0:0:1 - - [07/Sep/2019:14:12:35 +0800] "POST /QuickRun/orderEmpNo.action HTTP/1.1" 200 1059 http-bio-8888-exec-6 6
0:0:0:0:0:0:0:1 - - [07/Sep/2019:14:12:36 +0800] "POST /QuickRun/orderEmpNo.action HTTP/1.1" 200 537 http-bio-8888-exec-6 5
0:0:0:0:0:0:0:1 - - [07/Sep/2019:14:12:36 +0800] "POST /QuickRun/orderEmpNo.action HTTP/1.1" 200 535 http-bio-8888-exec-6 4
0:0:0:0:0:0:0:1 - - [07/Sep/2019:14:12:36 +0800] "POST /QuickRun/orderEmpNo.action HTTP/1.1" 200 12 http-bio-8888-exec-6 4
0:0:0:0:0:0:0:1 - - [07/Sep/2019:14:12:36 +0800] "POST /QuickRun/orderEmpNo.action HTTP/1.1" 200 535 http-bio-8888-exec-6 4
0:0:0:0:0:0:0:1 - - [07/Sep/2019:14:12:36 +0800] "POST /QuickRun/orderEmpNo.action HTTP/1.1" 200 537 http-bio-8888-exec-6 4
0:0:0:0:0:0:0:1 - - [07/Sep/2019:14:12:36 +0800] "POST /QuickRun/orderEmpNo.action HTTP/1.1" 200 1059 http-bio-8888-exec-6 3
0:0:0:0:0:0:0:1 - - [07/Sep/2019:14:12:36 +0800] "POST /QuickRun/orderEmpNo.action HTTP/1.1" 200 537 http-bio-8888-exec-6 8
0:0:0:0:0:0:0:1 - - [07/Sep/2019:14:12:36 +0800] "POST /QuickRun/orderEmpNo.action HTTP/1.1" 200 535 http-bio-8888-exec-5 10
0:0:0:0:0:0:0:1 - - [07/Sep/2019:14:12:36 +0800] "POST /QuickRun/orderEmpNo.action HTTP/1.1" 200 12 http-bio-8888-exec-6 7
0:0:0:0:0:0:0:1 - - [07/Sep/2019:14:12:37 +0800] "POST /QuickRun/orderEmpNo.action HTTP/1.1" 200 535 http-bio-8888-exec-6 12
0:0:0:0:0:0:0:1 - - [07/Sep/2019:14:12:37 +0800] "POST /QuickRun/orderEmpNo.action HTTP/1.1" 200 537 http-bio-8888-exec-6 9
0:0:0:0:0:0:0:1 - - [07/Sep/2019:14:12:37 +0800] "POST /QuickRun/orderEmpNo.action HTTP/1.1" 200 1059 http-bio-8888-exec-6 5
0:0:0:0:0:0:0:1 - - [07/Sep/2019:14:12:37 +0800] "POST /QuickRun/orderEmpNo.action HTTP/1.1" 200 537 http-bio-8888-exec-6 5
0:0:0:0:0:0:0:1 - - [07/Sep/2019:14:12:37 +0800] "POST /QuickRun/orderEmpNo.action HTTP/1.1" 200 535 http-bio-8888-exec-6 6
0:0:0:0:0:0:0:1 - - [07/Sep/2019:14:12:37 +0800] "POST /QuickRun/orderEmpNo.action HTTP/1.1" 200 12 http-bio-8888-exec-6 3
0:0:0:0:0:0:0:1 - - [07/Sep/2019:14:12:40 +0800] "POST /QuickRun/orderEmp.action HTTP/1.1" 200 531 http-bio-8888-exec-6 5
0:0:0:0:0:0:0:1 - - [07/Sep/2019:14:12:43 +0800] "POST /QuickRun/orderEmpNo.action HTTP/1.1" 200 3714 http-bio-8888-exec-6 3
0:0:0:0:0:0:0:1 - - [07/Sep/2019:14:12:50 +0800] "POST /QuickRun/findEmpAll.action HTTP/1.1" 200 454 http-bio-8888-exec-6 3
0:0:0:0:0:0:0:1 - - [07/Sep/2019:14:12:52 +0800] "POST /QuickRun/orderDetailEmp.action HTTP/1.1" 200 820 http-bio-8888-exec-6 5
0:0:0:0:0:0:0:1 - - [07/Sep/2019:14:13:11 +0800] "POST /QuickRun/orderDetailEmp.action HTTP/1.1" 200 802 http-bio-8888-exec-6 4
0:0:0:0:0:0:0:1 - - [07/Sep/2019:14:13:21 +0800] "POST /QuickRun/orderDetailEmp.action HTTP/1.1" 200 879 http-bio-8888-exec-6 5
0:0:0:0:0:0:0:1 - - [07/Sep/2019:14:16:13 +0800] "POST /QuickRun/companyAll.action HTTP/1.1" 200 228 http-bio-8888-exec-9 6
0:0:0:0:0:0:0:1 - - [07/Sep/2019:14:16:13 +0800] "POST /QuickRun/orderEmpAll.action HTTP/1.1" 200 4751 http-bio-8888-exec-10 8
0:0:0:0:0:0:0:1 - - [07/Sep/2019:14:16:13 +0800] "POST /QuickRun/addressEmp.action HTTP/1.1" 200 213 http-bio-8888-exec-4 4
0:0:0:0:0:0:0:1 - - [07/Sep/2019:14:16:18 +0800] "POST /QuickRun/orderDetailEmp.action HTTP/1.1" 200 944 http-bio-8888-exec-10 5
0:0:0:0:0:0:0:1 - - [07/Sep/2019:14:21:01 +0800] "POST /QuickRun/orderEmpAll.action HTTP/1.1" 200 4974 http-bio-8888-exec-1 1445
0:0:0:0:0:0:0:1 - - [07/Sep/2019:14:21:01 +0800] "POST /QuickRun/companyAll.action HTTP/1.1" 200 228 http-bio-8888-exec-2 1445
0:0:0:0:0:0:0:1 - - [07/Sep/2019:14:21:01 +0800] "POST /QuickRun/addressEmp.action HTTP/1.1" 200 261 http-bio-8888-exec-3 1445
0:0:0:0:0:0:0:1 - - [07/Sep/2019:14:21:39 +0800] "POST /QuickRun/orderEmpNo.action HTTP/1.1" 200 3903 http-bio-8888-exec-4 21
0:0:0:0:0:0:0:1 - - [07/Sep/2019:14:21:41 +0800] "POST /QuickRun/companyAll.action HTTP/1.1" 200 228 http-bio-8888-exec-5 7
0:0:0:0:0:0:0:1 - - [07/Sep/2019:14:21:41 +0800] "POST /QuickRun/addressEmp.action HTTP/1.1" 200 261 http-bio-8888-exec-6 13
0:0:0:0:0:0:0:1 - - [07/Sep/2019:14:21:41 +0800] "POST /QuickRun/orderEmpAll.action HTTP/1.1" 200 4974 http-bio-8888-exec-7 16
0:0:0:0:0:0:0:1 - - [07/Sep/2019:14:21:43 +0800] "POST /QuickRun/orderEmpNo.action HTTP/1.1" 200 3903 http-bio-8888-exec-10 9
127.0.0.1 - - [07/Sep/2019:14:22:48 +0800] "POST /QuickRun/login.action HTTP/1.1" 200 11 http-bio-8888-exec-1 24
127.0.0.1 - - [07/Sep/2019:14:22:48 +0800] "POST /QuickRun/getUser.action HTTP/1.1" 200 134 http-bio-8888-exec-1 12
0:0:0:0:0:0:0:1 - - [07/Sep/2019:14:22:48 +0800] "POST /QuickRun/query.action HTTP/1.1" 200 228 http-bio-8888-exec-5 11
0:0:0:0:0:0:0:1 - - [07/Sep/2019:14:22:48 +0800] "POST /QuickRun/queryAdd.action HTTP/1.1" 200 345 http-bio-8888-exec-6 11
0:0:0:0:0:0:0:1 - - [07/Sep/2019:14:22:48 +0800] "POST /QuickRun/queryTime.action HTTP/1.1" 200 110 http-bio-8888-exec-7 16
127.0.0.1 - - [07/Sep/2019:14:22:55 +0800] "POST /QuickRun/getUser.action HTTP/1.1" 200 134 http-bio-8888-exec-1 5
127.0.0.1 - - [07/Sep/2019:14:22:55 +0800] "POST /QuickRun/getUser.action HTTP/1.1" 200 134 http-bio-8888-exec-10 8
0:0:0:0:0:0:0:1 - - [07/Sep/2019:14:22:55 +0800] "POST /QuickRun/selectorderbyuid.action HTTP/1.1" 200 3913 http-bio-8888-exec-7 24
127.0.0.1 - - [07/Sep/2019:14:23:00 +0800] "POST /QuickRun/getUser.action HTTP/1.1" 200 134 http-bio-8888-exec-10 6
0:0:0:0:0:0:0:1 - - [07/Sep/2019:14:23:00 +0800] "POST /QuickRun/queryAdd.action HTTP/1.1" 200 345 http-bio-8888-exec-6 6
0:0:0:0:0:0:0:1 - - [07/Sep/2019:14:23:00 +0800] "POST /QuickRun/query.action HTTP/1.1" 200 228 http-bio-8888-exec-7 7
0:0:0:0:0:0:0:1 - - [07/Sep/2019:14:23:00 +0800] "POST /QuickRun/queryTime.action HTTP/1.1" 200 110 http-bio-8888-exec-5 11
127.0.0.1 - - [07/Sep/2019:14:23:06 +0800] "POST /QuickRun/getUser.action HTTP/1.1" 200 134 http-bio-8888-exec-10 4
127.0.0.1 - - [07/Sep/2019:14:23:06 +0800] "POST /QuickRun/getUser.action HTTP/1.1" 200 134 http-bio-8888-exec-10 6
0:0:0:0:0:0:0:1 - - [07/Sep/2019:14:23:06 +0800] "POST /QuickRun/selectorderbyuid.action HTTP/1.1" 200 3913 http-bio-8888-exec-5 10
127.0.0.1 - - [07/Sep/2019:14:33:16 +0800] "POST /QuickRun/login.action HTTP/1.1" 200 11 http-bio-8888-exec-8 32
127.0.0.1 - - [07/Sep/2019:14:33:16 +0800] "POST /QuickRun/getUser.action HTTP/1.1" 200 134 http-bio-8888-exec-8 3
0:0:0:0:0:0:0:1 - - [07/Sep/2019:14:33:16 +0800] "POST /QuickRun/queryAdd.action HTTP/1.1" 200 345 http-bio-8888-exec-4 6
0:0:0:0:0:0:0:1 - - [07/Sep/2019:14:33:16 +0800] "POST /QuickRun/queryTime.action HTTP/1.1" 200 110 http-bio-8888-exec-2 5
0:0:0:0:0:0:0:1 - - [07/Sep/2019:14:33:16 +0800] "POST /QuickRun/query.action HTTP/1.1" 200 228 http-bio-8888-exec-3 7
127.0.0.1 - - [07/Sep/2019:14:33:35 +0800] "POST /QuickRun/getUser.action HTTP/1.1" 200 134 http-bio-8888-exec-8 4
127.0.0.1 - - [07/Sep/2019:14:33:46 +0800] "POST /QuickRun/getUser.action HTTP/1.1" 200 134 http-bio-8888-exec-8 5
0:0:0:0:0:0:0:1 - - [07/Sep/2019:14:33:46 +0800] "POST /QuickRun/query.action HTTP/1.1" 200 228 http-bio-8888-exec-2 5
0:0:0:0:0:0:0:1 - - [07/Sep/2019:14:33:46 +0800] "POST /QuickRun/queryAdd.action HTTP/1.1" 200 345 http-bio-8888-exec-3 4
0:0:0:0:0:0:0:1 - - [07/Sep/2019:14:33:46 +0800] "POST /QuickRun/queryTime.action HTTP/1.1" 200 110 http-bio-8888-exec-4 5
127.0.0.1 - - [07/Sep/2019:14:35:55 +0800] "POST /QuickRun/getUser.action HTTP/1.1" 200 134 http-bio-8888-exec-10 7
127.0.0.1 - - [07/Sep/2019:14:35:55 +0800] "POST /QuickRun/getUser.action HTTP/1.1" 200 134 http-bio-8888-exec-10 4
0:0:0:0:0:0:0:1 - - [07/Sep/2019:14:35:55 +0800] "POST /QuickRun/selectorderbyuid.action HTTP/1.1" 200 3913 http-bio-8888-exec-7 13
127.0.0.1 - - [07/Sep/2019:14:35:56 +0800] "POST /QuickRun/getUser.action HTTP/1.1" 200 134 http-bio-8888-exec-8 5
0:0:0:0:0:0:0:1 - - [07/Sep/2019:14:35:56 +0800] "POST /QuickRun/query.action HTTP/1.1" 200 228 http-bio-8888-exec-7 5
0:0:0:0:0:0:0:1 - - [07/Sep/2019:14:35:56 +0800] "POST /QuickRun/queryAdd.action HTTP/1.1" 200 345 http-bio-8888-exec-9 4
0:0:0:0:0:0:0:1 - - [07/Sep/2019:14:35:56 +0800] "POST /QuickRun/queryTime.action HTTP/1.1" 200 110 http-bio-8888-exec-3 4
127.0.0.1 - - [07/Sep/2019:14:36:28 +0800] "POST /QuickRun/login.action HTTP/1.1" 200 11 http-bio-8888-exec-8 5
127.0.0.1 - - [07/Sep/2019:14:36:29 +0800] "POST /QuickRun/getUser.action HTTP/1.1" 200 134 http-bio-8888-exec-8 4
0:0:0:0:0:0:0:1 - - [07/Sep/2019:14:36:29 +0800] "POST /QuickRun/queryAdd.action HTTP/1.1" 200 345 http-bio-8888-exec-9 4
0:0:0:0:0:0:0:1 - - [07/Sep/2019:14:36:29 +0800] "POST /QuickRun/query.action HTTP/1.1" 200 228 http-bio-8888-exec-3 5
0:0:0:0:0:0:0:1 - - [07/Sep/2019:14:36:29 +0800] "POST /QuickRun/queryTime.action HTTP/1.1" 200 110 http-bio-8888-exec-7 5
127.0.0.1 - - [07/Sep/2019:14:40:47 +0800] "POST /QuickRun/getUser.action HTTP/1.1" 200 134 http-bio-8888-exec-5 3
0:0:0:0:0:0:0:1 - - [07/Sep/2019:14:40:47 +0800] "POST /QuickRun/queryAdd.action HTTP/1.1" 200 345 http-bio-8888-exec-6 4
0:0:0:0:0:0:0:1 - - [07/Sep/2019:14:40:47 +0800] "POST /QuickRun/query.action HTTP/1.1" 200 228 http-bio-8888-exec-2 5
0:0:0:0:0:0:0:1 - - [07/Sep/2019:14:40:47 +0800] "POST /QuickRun/queryTime.action HTTP/1.1" 200 110 http-bio-8888-exec-1 4
127.0.0.1 - - [07/Sep/2019:14:41:20 +0800] "POST /QuickRun/getUser.action HTTP/1.1" 200 134 http-bio-8888-exec-5 5
0:0:0:0:0:0:0:1 - - [07/Sep/2019:14:41:20 +0800] "POST /QuickRun/query.action HTTP/1.1" 200 228 http-bio-8888-exec-1 4
0:0:0:0:0:0:0:1 - - [07/Sep/2019:14:41:20 +0800] "POST /QuickRun/queryAdd.action HTTP/1.1" 200 345 http-bio-8888-exec-6 4
0:0:0:0:0:0:0:1 - - [07/Sep/2019:14:41:20 +0800] "POST /QuickRun/queryTime.action HTTP/1.1" 200 110 http-bio-8888-exec-4 3
127.0.0.1 - - [07/Sep/2019:14:42:15 +0800] "POST /QuickRun/login.action HTTP/1.1" 200 11 http-bio-8888-exec-5 5
127.0.0.1 - - [07/Sep/2019:14:42:15 +0800] "POST /QuickRun/getUser.action HTTP/1.1" 200 134 http-bio-8888-exec-5 7
0:0:0:0:0:0:0:1 - - [07/Sep/2019:14:42:15 +0800] "POST /QuickRun/query.action HTTP/1.1" 200 228 http-bio-8888-exec-4 5
0:0:0:0:0:0:0:1 - - [07/Sep/2019:14:42:15 +0800] "POST /QuickRun/queryAdd.action HTTP/1.1" 200 345 http-bio-8888-exec-6 5
0:0:0:0:0:0:0:1 - - [07/Sep/2019:14:42:15 +0800] "POST /QuickRun/queryTime.action HTTP/1.1" 200 110 http-bio-8888-exec-1 5
127.0.0.1 - - [07/Sep/2019:14:45:27 +0800] "POST /QuickRun/getUser.action HTTP/1.1" 200 134 http-bio-8888-exec-2 6
0:0:0:0:0:0:0:1 - - [07/Sep/2019:14:45:27 +0800] "POST /QuickRun/queryAdd.action HTTP/1.1" 200 345 http-bio-8888-exec-4 5
0:0:0:0:0:0:0:1 - - [07/Sep/2019:14:45:27 +0800] "POST /QuickRun/query.action HTTP/1.1" 200 228 http-bio-8888-exec-3 5
0:0:0:0:0:0:0:1 - - [07/Sep/2019:14:45:27 +0800] "POST /QuickRun/queryTime.action HTTP/1.1" 200 110 http-bio-8888-exec-7 5
127.0.0.1 - - [07/Sep/2019:14:50:36 +0800] "POST /QuickRun/login.action HTTP/1.1" 200 11 http-bio-8888-exec-6 6
127.0.0.1 - - [07/Sep/2019:14:50:36 +0800] "POST /QuickRun/getUser.action HTTP/1.1" 200 134 http-bio-8888-exec-6 6
0:0:0:0:0:0:0:1 - - [07/Sep/2019:14:50:36 +0800] "POST /QuickRun/queryAdd.action HTTP/1.1" 200 345 http-bio-8888-exec-5 4
0:0:0:0:0:0:0:1 - - [07/Sep/2019:14:50:36 +0800] "POST /QuickRun/query.action HTTP/1.1" 200 228 http-bio-8888-exec-3 5
0:0:0:0:0:0:0:1 - - [07/Sep/2019:14:50:36 +0800] "POST /QuickRun/queryTime.action HTTP/1.1" 200 110 http-bio-8888-exec-9 6
127.0.0.1 - - [07/Sep/2019:14:51:18 +0800] "POST /QuickRun/loginEmp.action HTTP/1.1" 200 179 http-bio-8888-exec-6 7
0:0:0:0:0:0:0:1 - - [07/Sep/2019:14:51:18 +0800] "POST /QuickRun/companyAll.action HTTP/1.1" 200 228 http-bio-8888-exec-5 4
0:0:0:0:0:0:0:1 - - [07/Sep/2019:14:51:18 +0800] "POST /QuickRun/addressEmp.action HTTP/1.1" 200 261 http-bio-8888-exec-2 5
0:0:0:0:0:0:0:1 - - [07/Sep/2019:14:51:18 +0800] "POST /QuickRun/orderEmpAll.action HTTP/1.1" 200 4974 http-bio-8888-exec-9 7
0:0:0:0:0:0:0:1 - - [07/Sep/2019:14:51:20 +0800] "POST /QuickRun/orderEmpAll.action HTTP/1.1" 200 4974 http-bio-8888-exec-9 8
0:0:0:0:0:0:0:1 - - [07/Sep/2019:14:51:21 +0800] "POST /QuickRun/orderEmpAll.action HTTP/1.1" 200 2191 http-bio-8888-exec-9 11
0:0:0:0:0:0:0:1 - - [07/Sep/2019:14:51:21 +0800] "POST /QuickRun/orderEmpAll.action HTTP/1.1" 200 1103 http-bio-8888-exec-9 6
0:0:0:0:0:0:0:1 - - [07/Sep/2019:14:51:21 +0800] "POST /QuickRun/orderEmpAll.action HTTP/1.1" 200 1705 http-bio-8888-exec-9 6
0:0:0:0:0:0:0:1 - - [07/Sep/2019:14:51:22 +0800] "POST /QuickRun/orderEmpAll.action HTTP/1.1" 200 1103 http-bio-8888-exec-9 12
0:0:0:0:0:0:0:1 - - [07/Sep/2019:14:51:22 +0800] "POST /QuickRun/orderEmpAll.action HTTP/1.1" 200 2191 http-bio-8888-exec-8 11
0:0:0:0:0:0:0:1 - - [07/Sep/2019:14:51:22 +0800] "POST /QuickRun/orderEmpAll.action HTTP/1.1" 200 4974 http-bio-8888-exec-8 8
0:0:0:0:0:0:0:1 - - [07/Sep/2019:14:51:22 +0800] "POST /QuickRun/orderEmpAll.action HTTP/1.1" 200 4974 http-bio-8888-exec-10 5
0:0:0:0:0:0:0:1 - - [07/Sep/2019:14:51:25 +0800] "POST /QuickRun/orderEmpAll.action HTTP/1.1" 200 1638 http-bio-8888-exec-10 6
0:0:0:0:0:0:0:1 - - [07/Sep/2019:14:51:25 +0800] "POST /QuickRun/orderEmpAll.action HTTP/1.1" 200 1656 http-bio-8888-exec-10 6
0:0:0:0:0:0:0:1 - - [07/Sep/2019:14:51:26 +0800] "POST /QuickRun/orderEmpAll.action HTTP/1.1" 200 1638 http-bio-8888-exec-10 5
0:0:0:0:0:0:0:1 - - [07/Sep/2019:14:51:26 +0800] "POST /QuickRun/orderEmpAll.action HTTP/1.1" 200 4974 http-bio-8888-exec-10 5
0:0:0:0:0:0:0:1 - - [07/Sep/2019:14:51:26 +0800] "POST /QuickRun/orderEmpAll.action HTTP/1.1" 200 1638 http-bio-8888-exec-10 4
0:0:0:0:0:0:0:1 - - [07/Sep/2019:14:51:26 +0800] "POST /QuickRun/orderEmpAll.action HTTP/1.1" 200 1656 http-bio-8888-exec-10 4
0:0:0:0:0:0:0:1 - - [07/Sep/2019:14:51:26 +0800] "POST /QuickRun/orderEmpAll.action HTTP/1.1" 200 1705 http-bio-8888-exec-10 5
0:0:0:0:0:0:0:1 - - [07/Sep/2019:14:51:26 +0800] "POST /QuickRun/orderEmpAll.action HTTP/1.1" 200 1656 http-bio-8888-exec-10 4
0:0:0:0:0:0:0:1 - - [07/Sep/2019:14:51:26 +0800] "POST /QuickRun/orderEmpAll.action HTTP/1.1" 200 1638 http-bio-8888-exec-10 4
0:0:0:0:0:0:0:1 - - [07/Sep/2019:14:51:26 +0800] "POST /QuickRun/orderEmpAll.action HTTP/1.1" 200 4974 http-bio-8888-exec-10 4
0:0:0:0:0:0:0:1 - - [07/Sep/2019:14:51:26 +0800] "POST /QuickRun/orderEmpAll.action HTTP/1.1" 200 1638 http-bio-8888-exec-10 3
127.0.0.1 - - [07/Sep/2019:14:51:56 +0800] "POST /QuickRun/login.action HTTP/1.1" 200 11 http-bio-8888-exec-4 4
127.0.0.1 - - [07/Sep/2019:14:51:56 +0800] "POST /QuickRun/getUser.action HTTP/1.1" 200 134 http-bio-8888-exec-4 4
0:0:0:0:0:0:0:1 - - [07/Sep/2019:14:51:56 +0800] "POST /QuickRun/query.action HTTP/1.1" 200 228 http-bio-8888-exec-9 10
0:0:0:0:0:0:0:1 - - [07/Sep/2019:14:51:56 +0800] "POST /QuickRun/queryAdd.action HTTP/1.1" 200 345 http-bio-8888-exec-3 5
0:0:0:0:0:0:0:1 - - [07/Sep/2019:14:51:56 +0800] "POST /QuickRun/queryTime.action HTTP/1.1" 200 110 http-bio-8888-exec-8 5
127.0.0.1 - - [07/Sep/2019:14:54:06 +0800] "POST /QuickRun/getUser.action HTTP/1.1" 200 134 http-bio-8888-exec-10 6
127.0.0.1 - - [07/Sep/2019:14:54:06 +0800] "POST /QuickRun/getUser.action HTTP/1.1" 200 134 http-bio-8888-exec-7 3
0:0:0:0:0:0:0:1 - - [07/Sep/2019:14:54:06 +0800] "POST /QuickRun/selectorderbyuid.action HTTP/1.1" 200 3913 http-bio-8888-exec-2 7
127.0.0.1 - - [07/Sep/2019:14:54:07 +0800] "POST /QuickRun/getUser.action HTTP/1.1" 200 134 http-bio-8888-exec-7 3
0:0:0:0:0:0:0:1 - - [07/Sep/2019:14:54:07 +0800] "POST /QuickRun/showUser.action HTTP/1.1" 200 360 http-bio-8888-exec-2 66
127.0.0.1 - - [07/Sep/2019:14:54:08 +0800] "POST /QuickRun/getUser.action HTTP/1.1" 200 134 http-bio-8888-exec-7 3
127.0.0.1 - - [07/Sep/2019:14:54:08 +0800] "POST /QuickRun/showUser.action HTTP/1.1" 200 360 http-bio-8888-exec-3 5
127.0.0.1 - - [07/Sep/2019:14:54:10 +0800] "POST /QuickRun/getUser.action HTTP/1.1" 200 134 http-bio-8888-exec-7 7
0:0:0:0:0:0:0:1 - - [07/Sep/2019:14:54:10 +0800] "POST /QuickRun/showUser.action HTTP/1.1" 200 360 http-bio-8888-exec-2 5
127.0.0.1 - - [07/Sep/2019:14:54:11 +0800] "POST /QuickRun/getUser.action HTTP/1.1" 200 134 http-bio-8888-exec-7 6
127.0.0.1 - - [07/Sep/2019:14:54:11 +0800] "POST /QuickRun/getUser.action HTTP/1.1" 200 134 http-bio-8888-exec-7 3
0:0:0:0:0:0:0:1 - - [07/Sep/2019:14:54:11 +0800] "POST /QuickRun/selectorderbyuid.action HTTP/1.1" 200 3913 http-bio-8888-exec-1 5
0:0:0:0:0:0:0:1 - - [07/Sep/2019:14:54:13 +0800] "POST /QuickRun/findOrderdetailsByordId.action HTTP/1.1" 200 775 http-bio-8888-exec-1 6
127.0.0.1 - - [07/Sep/2019:14:54:15 +0800] "POST /QuickRun/getUser.action HTTP/1.1" 200 134 http-bio-8888-exec-7 7
127.0.0.1 - - [07/Sep/2019:14:54:15 +0800] "POST /QuickRun/getUser.action HTTP/1.1" 200 134 http-bio-8888-exec-7 3
0:0:0:0:0:0:0:1 - - [07/Sep/2019:14:54:15 +0800] "POST /QuickRun/selectorderbyuid.action HTTP/1.1" 200 3913 http-bio-8888-exec-1 5
127.0.0.1 - - [07/Sep/2019:14:54:18 +0800] "POST /QuickRun/getUser.action HTTP/1.1" 200 134 http-bio-8888-exec-10 3
0:0:0:0:0:0:0:1 - - [07/Sep/2019:14:54:18 +0800] "POST /QuickRun/query.action HTTP/1.1" 200 228 http-bio-8888-exec-1 6
0:0:0:0:0:0:0:1 - - [07/Sep/2019:14:54:18 +0800] "POST /QuickRun/queryTime.action HTTP/1.1" 200 110 http-bio-8888-exec-4 7
0:0:0:0:0:0:0:1 - - [07/Sep/2019:14:54:18 +0800] "POST /QuickRun/queryAdd.action HTTP/1.1" 200 345 http-bio-8888-exec-5 10
127.0.0.1 - - [07/Sep/2019:14:54:40 +0800] "POST /QuickRun/getUser.action HTTP/1.1" 200 134 http-bio-8888-exec-10 3
127.0.0.1 - - [07/Sep/2019:14:54:40 +0800] "POST /QuickRun/getUser.action HTTP/1.1" 200 134 http-bio-8888-exec-10 4
0:0:0:0:0:0:0:1 - - [07/Sep/2019:14:54:40 +0800] "POST /QuickRun/query.action HTTP/1.1" 200 228 http-bio-8888-exec-5 5
0:0:0:0:0:0:0:1 - - [07/Sep/2019:14:54:40 +0800] "POST /QuickRun/queryAdd.action HTTP/1.1" 200 345 http-bio-8888-exec-4 4
0:0:0:0:0:0:0:1 - - [07/Sep/2019:14:54:40 +0800] "POST /QuickRun/queryTime.action HTTP/1.1" 200 110 http-bio-8888-exec-1 4
127.0.0.1 - - [07/Sep/2019:14:59:22 +0800] "POST /QuickRun/getUser.action HTTP/1.1" 200 134 http-bio-8888-exec-2 6
0:0:0:0:0:0:0:1 - - [07/Sep/2019:14:59:22 +0800] "POST /QuickRun/queryAdd.action HTTP/1.1" 200 345 http-bio-8888-exec-8 4
0:0:0:0:0:0:0:1 - - [07/Sep/2019:14:59:22 +0800] "POST /QuickRun/queryTime.action HTTP/1.1" 200 110 http-bio-8888-exec-7 3
0:0:0:0:0:0:0:1 - - [07/Sep/2019:14:59:22 +0800] "POST /QuickRun/query.action HTTP/1.1" 200 228 http-bio-8888-exec-4 4
127.0.0.1 - - [07/Sep/2019:14:59:40 +0800] "POST /QuickRun/getUser.action HTTP/1.1" 200 134 http-bio-8888-exec-2 5
0:0:0:0:0:0:0:1 - - [07/Sep/2019:14:59:40 +0800] "POST /QuickRun/queryAdd.action HTTP/1.1" 200 345 http-bio-8888-exec-4 4
0:0:0:0:0:0:0:1 - - [07/Sep/2019:14:59:40 +0800] "POST /QuickRun/query.action HTTP/1.1" 200 228 http-bio-8888-exec-3 4
0:0:0:0:0:0:0:1 - - [07/Sep/2019:14:59:40 +0800] "POST /QuickRun/queryTime.action HTTP/1.1" 200 110 http-bio-8888-exec-7 9
0:0:0:0:0:0:0:1 - - [07/Sep/2019:14:59:54 +0800] "POST /QuickRun/insert.action HTTP/1.1" 400 968 http-bio-8888-exec-10 11
127.0.0.1 - - [07/Sep/2019:15:03:04 +0800] "POST /QuickRun/login.action HTTP/1.1" 200 11 http-bio-8888-exec-1 1589
127.0.0.1 - - [07/Sep/2019:15:03:04 +0800] "POST /QuickRun/getUser.action HTTP/1.1" 200 134 http-bio-8888-exec-2 47
0:0:0:0:0:0:0:1 - - [07/Sep/2019:15:03:04 +0800] "POST /QuickRun/query.action HTTP/1.1" 200 228 http-bio-8888-exec-3 32
0:0:0:0:0:0:0:1 - - [07/Sep/2019:15:03:04 +0800] "POST /QuickRun/queryTime.action HTTP/1.1" 200 110 http-bio-8888-exec-5 28
0:0:0:0:0:0:0:1 - - [07/Sep/2019:15:03:04 +0800] "POST /QuickRun/queryAdd.action HTTP/1.1" 200 345 http-bio-8888-exec-4 32
127.0.0.1 - - [07/Sep/2019:15:03:36 +0800] "POST /QuickRun/loginEmp.action HTTP/1.1" 200 179 http-bio-8888-exec-6 11
0:0:0:0:0:0:0:1 - - [07/Sep/2019:15:03:36 +0800] "POST /QuickRun/companyAll.action HTTP/1.1" 200 228 http-bio-8888-exec-8 11
0:0:0:0:0:0:0:1 - - [07/Sep/2019:15:03:36 +0800] "POST /QuickRun/addressEmp.action HTTP/1.1" 200 261 http-bio-8888-exec-7 24
0:0:0:0:0:0:0:1 - - [07/Sep/2019:15:03:36 +0800] "POST /QuickRun/orderEmpAll.action HTTP/1.1" 200 4974 http-bio-8888-exec-9 84
127.0.0.1 - - [07/Sep/2019:15:04:35 +0800] "POST /QuickRun/getUser.action HTTP/1.1" 200 134 http-bio-8888-exec-10 10
0:0:0:0:0:0:0:1 - - [07/Sep/2019:15:04:36 +0800] "POST /QuickRun/queryAdd.action HTTP/1.1" 200 345 http-bio-8888-exec-7 7
0:0:0:0:0:0:0:1 - - [07/Sep/2019:15:04:36 +0800] "POST /QuickRun/queryTime.action HTTP/1.1" 200 110 http-bio-8888-exec-8 6
0:0:0:0:0:0:0:1 - - [07/Sep/2019:15:04:36 +0800] "POST /QuickRun/query.action HTTP/1.1" 200 228 http-bio-8888-exec-9 8
127.0.0.1 - - [07/Sep/2019:15:06:06 +0800] "POST /QuickRun/getUser.action HTTP/1.1" 200 134 http-bio-8888-exec-2 9
0:0:0:0:0:0:0:1 - - [07/Sep/2019:15:06:06 +0800] "POST /QuickRun/query.action HTTP/1.1" 200 228 http-bio-8888-exec-4 6
0:0:0:0:0:0:0:1 - - [07/Sep/2019:15:06:06 +0800] "POST /QuickRun/queryTime.action HTTP/1.1" 200 110 http-bio-8888-exec-6 5
0:0:0:0:0:0:0:1 - - [07/Sep/2019:15:06:06 +0800] "POST /QuickRun/queryAdd.action HTTP/1.1" 200 345 http-bio-8888-exec-5 6
127.0.0.1 - - [07/Sep/2019:15:06:26 +0800] "POST /QuickRun/login.action HTTP/1.1" 200 11 http-bio-8888-exec-2 7
127.0.0.1 - - [07/Sep/2019:15:06:26 +0800] "POST /QuickRun/getUser.action HTTP/1.1" 200 134 http-bio-8888-exec-2 6
0:0:0:0:0:0:0:1 - - [07/Sep/2019:15:06:26 +0800] "POST /QuickRun/queryAdd.action HTTP/1.1" 200 345 http-bio-8888-exec-1 6
0:0:0:0:0:0:0:1 - - [07/Sep/2019:15:06:26 +0800] "POST /QuickRun/query.action HTTP/1.1" 200 228 http-bio-8888-exec-4 7
0:0:0:0:0:0:0:1 - - [07/Sep/2019:15:06:26 +0800] "POST /QuickRun/queryTime.action HTTP/1.1" 200 110 http-bio-8888-exec-6 6
127.0.0.1 - - [07/Sep/2019:15:06:55 +0800] "POST /QuickRun/login.action HTTP/1.1" 200 11 http-bio-8888-exec-1 1463
127.0.0.1 - - [07/Sep/2019:15:06:56 +0800] "POST /QuickRun/getUser.action HTTP/1.1" 200 134 http-bio-8888-exec-2 67
0:0:0:0:0:0:0:1 - - [07/Sep/2019:15:06:56 +0800] "POST /QuickRun/queryAdd.action HTTP/1.1" 200 345 http-bio-8888-exec-4 39
0:0:0:0:0:0:0:1 - - [07/Sep/2019:15:06:56 +0800] "POST /QuickRun/queryTime.action HTTP/1.1" 200 110 http-bio-8888-exec-5 37
0:0:0:0:0:0:0:1 - - [07/Sep/2019:15:06:56 +0800] "POST /QuickRun/query.action HTTP/1.1" 200 228 http-bio-8888-exec-3 40
127.0.0.1 - - [07/Sep/2019:15:07:19 +0800] "POST /QuickRun/loginEmp.action HTTP/1.1" 200 179 http-bio-8888-exec-6 11
0:0:0:0:0:0:0:1 - - [07/Sep/2019:15:07:20 +0800] "POST /QuickRun/companyAll.action HTTP/1.1" 200 228 http-bio-8888-exec-9 8
0:0:0:0:0:0:0:1 - - [07/Sep/2019:15:07:20 +0800] "POST /QuickRun/addressEmp.action HTTP/1.1" 200 261 http-bio-8888-exec-7 20
0:0:0:0:0:0:0:1 - - [07/Sep/2019:15:07:20 +0800] "POST /QuickRun/orderEmpAll.action HTTP/1.1" 200 12 http-bio-8888-exec-8 67
0:0:0:0:0:0:0:1 - - [07/Sep/2019:15:08:09 +0800] "POST /QuickRun/insert.action HTTP/1.1" 200 - http-bio-8888-exec-4 27
127.0.0.1 - - [07/Sep/2019:15:08:09 +0800] "POST /QuickRun/getUser.action HTTP/1.1" 200 134 http-bio-8888-exec-10 8
127.0.0.1 - - [07/Sep/2019:15:08:09 +0800] "POST /QuickRun/getUser.action HTTP/1.1" 200 134 http-bio-8888-exec-10 6
0:0:0:0:0:0:0:1 - - [07/Sep/2019:15:08:09 +0800] "POST /QuickRun/selectorderbyuid.action HTTP/1.1" 200 571 http-bio-8888-exec-8 36
127.0.0.1 - - [07/Sep/2019:15:08:12 +0800] "POST /QuickRun/getUser.action HTTP/1.1" 200 134 http-bio-8888-exec-10 4
0:0:0:0:0:0:0:1 - - [07/Sep/2019:15:08:12 +0800] "POST /QuickRun/queryTime.action HTTP/1.1" 200 110 http-bio-8888-exec-9 4
0:0:0:0:0:0:0:1 - - [07/Sep/2019:15:08:12 +0800] "POST /QuickRun/queryAdd.action HTTP/1.1" 200 345 http-bio-8888-exec-7 5
0:0:0:0:0:0:0:1 - - [07/Sep/2019:15:08:12 +0800] "POST /QuickRun/query.action HTTP/1.1" 200 228 http-bio-8888-exec-8 5
0:0:0:0:0:0:0:1 - - [07/Sep/2019:15:08:16 +0800] "POST /QuickRun/companyAll.action HTTP/1.1" 200 228 http-bio-8888-exec-5 7
0:0:0:0:0:0:0:1 - - [07/Sep/2019:15:08:16 +0800] "POST /QuickRun/orderEmpAll.action HTTP/1.1" 200 575 http-bio-8888-exec-6 8
0:0:0:0:0:0:0:1 - - [07/Sep/2019:15:08:16 +0800] "POST /QuickRun/addressEmp.action HTTP/1.1" 200 261 http-bio-8888-exec-9 10
127.0.0.1 - - [07/Sep/2019:15:08:40 +0800] "POST /QuickRun/getUser.action HTTP/1.1" 200 134 http-bio-8888-exec-10 5
0:0:0:0:0:0:0:1 - - [07/Sep/2019:15:08:41 +0800] "POST /QuickRun/queryTime.action HTTP/1.1" 200 110 http-bio-8888-exec-5 4
0:0:0:0:0:0:0:1 - - [07/Sep/2019:15:08:41 +0800] "POST /QuickRun/query.action HTTP/1.1" 200 228 http-bio-8888-exec-9 7
0:0:0:0:0:0:0:1 - - [07/Sep/2019:15:08:41 +0800] "POST /QuickRun/queryAdd.action HTTP/1.1" 200 345 http-bio-8888-exec-6 7
127.0.0.1 - - [07/Sep/2019:15:10:45 +0800] "POST /QuickRun/getUser.action HTTP/1.1" 200 - http-bio-8888-exec-1 1265
0:0:0:0:0:0:0:1 - - [07/Sep/2019:15:10:45 +0800] "POST /QuickRun/query.action HTTP/1.1" 200 228 http-bio-8888-exec-2 1656
0:0:0:0:0:0:0:1 - - [07/Sep/2019:15:10:45 +0800] "POST /QuickRun/queryTime.action HTTP/1.1" 200 110 http-bio-8888-exec-4 1656
0:0:0:0:0:0:0:1 - - [07/Sep/2019:15:10:45 +0800] "POST /QuickRun/queryAdd.action HTTP/1.1" 200 345 http-bio-8888-exec-3 1656
127.0.0.1 - - [07/Sep/2019:15:11:04 +0800] "POST /QuickRun/login.action HTTP/1.1" 200 11 http-bio-8888-exec-9 25
127.0.0.1 - - [07/Sep/2019:15:11:04 +0800] "POST /QuickRun/getUser.action HTTP/1.1" 200 134 http-bio-8888-exec-10 7
0:0:0:0:0:0:0:1 - - [07/Sep/2019:15:11:04 +0800] "POST /QuickRun/query.action HTTP/1.1" 200 228 http-bio-8888-exec-3 15
0:0:0:0:0:0:0:1 - - [07/Sep/2019:15:11:04 +0800] "POST /QuickRun/queryTime.action HTTP/1.1" 200 110 http-bio-8888-exec-2 14
0:0:0:0:0:0:0:1 - - [07/Sep/2019:15:11:04 +0800] "POST /QuickRun/queryAdd.action HTTP/1.1" 200 345 http-bio-8888-exec-4 15
127.0.0.1 - - [07/Sep/2019:15:12:06 +0800] "POST /QuickRun/getUser.action HTTP/1.1" 200 134 http-bio-8888-exec-5 10
0:0:0:0:0:0:0:1 - - [07/Sep/2019:15:12:06 +0800] "POST /QuickRun/query.action HTTP/1.1" 200 228 http-bio-8888-exec-1 8
0:0:0:0:0:0:0:1 - - [07/Sep/2019:15:12:06 +0800] "POST /QuickRun/queryAdd.action HTTP/1.1" 200 345 http-bio-8888-exec-6 8
0:0:0:0:0:0:0:1 - - [07/Sep/2019:15:12:06 +0800] "POST /QuickRun/queryTime.action HTTP/1.1" 200 110 http-bio-8888-exec-8 6
127.0.0.1 - - [07/Sep/2019:15:16:16 +0800] "POST /QuickRun/login.action HTTP/1.1" 200 11 http-bio-8888-exec-3 7
127.0.0.1 - - [07/Sep/2019:15:16:16 +0800] "POST /QuickRun/getUser.action HTTP/1.1" 200 134 http-bio-8888-exec-3 6
0:0:0:0:0:0:0:1 - - [07/Sep/2019:15:16:16 +0800] "POST /QuickRun/queryTime.action HTTP/1.1" 200 110 http-bio-8888-exec-2 6
0:0:0:0:0:0:0:1 - - [07/Sep/2019:15:16:16 +0800] "POST /QuickRun/query.action HTTP/1.1" 200 228 http-bio-8888-exec-7 7
0:0:0:0:0:0:0:1 - - [07/Sep/2019:15:16:16 +0800] "POST /QuickRun/queryAdd.action HTTP/1.1" 200 345 http-bio-8888-exec-10 9
127.0.0.1 - - [07/Sep/2019:15:17:14 +0800] "POST /QuickRun/login.action HTTP/1.1" 200 11 http-bio-8888-exec-1 1496
127.0.0.1 - - [07/Sep/2019:15:17:14 +0800] "POST /QuickRun/getUser.action HTTP/1.1" 200 134 http-bio-8888-exec-2 57
0:0:0:0:0:0:0:1 - - [07/Sep/2019:15:17:14 +0800] "POST /QuickRun/queryTime.action HTTP/1.1" 200 110 http-bio-8888-exec-5 34
0:0:0:0:0:0:0:1 - - [07/Sep/2019:15:17:14 +0800] "POST /QuickRun/query.action HTTP/1.1" 200 228 http-bio-8888-exec-3 39
0:0:0:0:0:0:0:1 - - [07/Sep/2019:15:17:14 +0800] "POST /QuickRun/queryAdd.action HTTP/1.1" 200 345 http-bio-8888-exec-4 39
127.0.0.1 - - [07/Sep/2019:15:17:59 +0800] "POST /QuickRun/login.action HTTP/1.1" 200 11 http-bio-8888-exec-1 1455
127.0.0.1 - - [07/Sep/2019:15:18:00 +0800] "POST /QuickRun/getUser.action HTTP/1.1" 200 134 http-bio-8888-exec-2 70
0:0:0:0:0:0:0:1 - - [07/Sep/2019:15:18:00 +0800] "POST /QuickRun/queryTime.action HTTP/1.1" 200 110 http-bio-8888-exec-5 28
0:0:0:0:0:0:0:1 - - [07/Sep/2019:15:18:00 +0800] "POST /QuickRun/query.action HTTP/1.1" 200 228 http-bio-8888-exec-3 31
0:0:0:0:0:0:0:1 - - [07/Sep/2019:15:18:00 +0800] "POST /QuickRun/queryAdd.action HTTP/1.1" 200 345 http-bio-8888-exec-4 31
127.0.0.1 - - [07/Sep/2019:15:20:10 +0800] "POST /QuickRun/getUser.action HTTP/1.1" 200 134 http-bio-8888-exec-10 9
0:0:0:0:0:0:0:1 - - [07/Sep/2019:15:20:10 +0800] "POST /QuickRun/query.action HTTP/1.1" 200 228 http-bio-8888-exec-2 6
0:0:0:0:0:0:0:1 - - [07/Sep/2019:15:20:10 +0800] "POST /QuickRun/queryTime.action HTTP/1.1" 200 110 http-bio-8888-exec-3 5
0:0:0:0:0:0:0:1 - - [07/Sep/2019:15:20:10 +0800] "POST /QuickRun/queryAdd.action HTTP/1.1" 200 345 http-bio-8888-exec-4 7
127.0.0.1 - - [07/Sep/2019:15:20:14 +0800] "POST /QuickRun/getUser.action HTTP/1.1" 200 134 http-bio-8888-exec-10 6
0:0:0:0:0:0:0:1 - - [07/Sep/2019:15:20:14 +0800] "POST /QuickRun/queryTime.action HTTP/1.1" 200 110 http-bio-8888-exec-2 4
0:0:0:0:0:0:0:1 - - [07/Sep/2019:15:20:14 +0800] "POST /QuickRun/queryAdd.action HTTP/1.1" 200 345 http-bio-8888-exec-3 5
0:0:0:0:0:0:0:1 - - [07/Sep/2019:15:20:14 +0800] "POST /QuickRun/query.action HTTP/1.1" 200 228 http-bio-8888-exec-4 6
127.0.0.1 - - [07/Sep/2019:15:20:15 +0800] "POST /QuickRun/getUser.action HTTP/1.1" 200 134 http-bio-8888-exec-10 5
0:0:0:0:0:0:0:1 - - [07/Sep/2019:15:20:15 +0800] "POST /QuickRun/query.action HTTP/1.1" 200 228 http-bio-8888-exec-9 5
0:0:0:0:0:0:0:1 - - [07/Sep/2019:15:20:15 +0800] "POST /QuickRun/queryTime.action HTTP/1.1" 200 110 http-bio-8888-exec-2 5
0:0:0:0:0:0:0:1 - - [07/Sep/2019:15:20:15 +0800] "POST /QuickRun/queryAdd.action HTTP/1.1" 200 345 http-bio-8888-exec-1 7
127.0.0.1 - - [07/Sep/2019:15:20:15 +0800] "POST /QuickRun/getUser.action HTTP/1.1" 200 134 http-bio-8888-exec-10 7
0:0:0:0:0:0:0:1 - - [07/Sep/2019:15:20:15 +0800] "POST /QuickRun/query.action HTTP/1.1" 200 228 http-bio-8888-exec-1 7
0:0:0:0:0:0:0:1 - - [07/Sep/2019:15:20:15 +0800] "POST /QuickRun/queryAdd.action HTTP/1.1" 200 345 http-bio-8888-exec-2 5
0:0:0:0:0:0:0:1 - - [07/Sep/2019:15:20:15 +0800] "POST /QuickRun/queryTime.action HTTP/1.1" 200 110 http-bio-8888-exec-9 5
127.0.0.1 - - [07/Sep/2019:15:20:17 +0800] "POST /QuickRun/getUser.action HTTP/1.1" 200 134 http-bio-8888-exec-10 7
0:0:0:0:0:0:0:1 - - [07/Sep/2019:15:20:17 +0800] "POST /QuickRun/queryAdd.action HTTP/1.1" 200 345 http-bio-8888-exec-2 5
0:0:0:0:0:0:0:1 - - [07/Sep/2019:15:20:17 +0800] "POST /QuickRun/queryTime.action HTTP/1.1" 200 110 http-bio-8888-exec-1 4
0:0:0:0:0:0:0:1 - - [07/Sep/2019:15:20:17 +0800] "POST /QuickRun/query.action HTTP/1.1" 200 228 http-bio-8888-exec-9 9
127.0.0.1 - - [07/Sep/2019:15:20:28 +0800] "POST /QuickRun/getUser.action HTTP/1.1" 200 134 http-bio-8888-exec-10 5
0:0:0:0:0:0:0:1 - - [07/Sep/2019:15:20:28 +0800] "POST /QuickRun/query.action HTTP/1.1" 200 228 http-bio-8888-exec-9 7
0:0:0:0:0:0:0:1 - - [07/Sep/2019:15:20:28 +0800] "POST /QuickRun/queryAdd.action HTTP/1.1" 200 345 http-bio-8888-exec-1 5
0:0:0:0:0:0:0:1 - - [07/Sep/2019:15:20:28 +0800] "POST /QuickRun/queryTime.action HTTP/1.1" 200 110 http-bio-8888-exec-2 5
127.0.0.1 - - [07/Sep/2019:15:20:37 +0800] "POST /QuickRun/getUser.action HTTP/1.1" 200 134 http-bio-8888-exec-10 5
0:0:0:0:0:0:0:1 - - [07/Sep/2019:15:20:37 +0800] "POST /QuickRun/query.action HTTP/1.1" 200 228 http-bio-8888-exec-2 5
0:0:0:0:0:0:0:1 - - [07/Sep/2019:15:20:37 +0800] "POST /QuickRun/queryAdd.action HTTP/1.1" 200 345 http-bio-8888-exec-7 5
0:0:0:0:0:0:0:1 - - [07/Sep/2019:15:20:37 +0800] "POST /QuickRun/queryTime.action HTTP/1.1" 200 110 http-bio-8888-exec-9 8
127.0.0.1 - - [07/Sep/2019:15:20:46 +0800] "POST /QuickRun/getUser.action HTTP/1.1" 200 134 http-bio-8888-exec-10 5
0:0:0:0:0:0:0:1 - - [07/Sep/2019:15:20:46 +0800] "POST /QuickRun/query.action HTTP/1.1" 200 228 http-bio-8888-exec-8 5
0:0:0:0:0:0:0:1 - - [07/Sep/2019:15:20:46 +0800] "POST /QuickRun/queryAdd.action HTTP/1.1" 200 345 http-bio-8888-exec-2 5
0:0:0:0:0:0:0:1 - - [07/Sep/2019:15:20:46 +0800] "POST /QuickRun/queryTime.action HTTP/1.1" 200 110 http-bio-8888-exec-7 4
127.0.0.1 - - [07/Sep/2019:15:21:20 +0800] "POST /QuickRun/getUser.action HTTP/1.1" 200 134 http-bio-8888-exec-10 6
0:0:0:0:0:0:0:1 - - [07/Sep/2019:15:21:20 +0800] "POST /QuickRun/queryAdd.action HTTP/1.1" 200 345 http-bio-8888-exec-2 3
0:0:0:0:0:0:0:1 - - [07/Sep/2019:15:21:20 +0800] "POST /QuickRun/query.action HTTP/1.1" 200 228 http-bio-8888-exec-7 3
0:0:0:0:0:0:0:1 - - [07/Sep/2019:15:21:20 +0800] "POST /QuickRun/queryTime.action HTTP/1.1" 200 110 http-bio-8888-exec-8 3
127.0.0.1 - - [07/Sep/2019:15:21:25 +0800] "POST /QuickRun/getUser.action HTTP/1.1" 200 134 http-bio-8888-exec-10 4
0:0:0:0:0:0:0:1 - - [07/Sep/2019:15:21:25 +0800] "POST /QuickRun/query.action HTTP/1.1" 200 228 http-bio-8888-exec-8 4
0:0:0:0:0:0:0:1 - - [07/Sep/2019:15:21:25 +0800] "POST /QuickRun/queryAdd.action HTTP/1.1" 200 345 http-bio-8888-exec-2 5
0:0:0:0:0:0:0:1 - - [07/Sep/2019:15:21:25 +0800] "POST /QuickRun/queryTime.action HTTP/1.1" 200 110 http-bio-8888-exec-7 4
127.0.0.1 - - [07/Sep/2019:15:21:36 +0800] "POST /QuickRun/getUser.action HTTP/1.1" 200 134 http-bio-8888-exec-10 3
0:0:0:0:0:0:0:1 - - [07/Sep/2019:15:21:36 +0800] "POST /QuickRun/query.action HTTP/1.1" 200 228 http-bio-8888-exec-7 4
0:0:0:0:0:0:0:1 - - [07/Sep/2019:15:21:36 +0800] "POST /QuickRun/queryAdd.action HTTP/1.1" 200 345 http-bio-8888-exec-8 4
0:0:0:0:0:0:0:1 - - [07/Sep/2019:15:21:36 +0800] "POST /QuickRun/queryTime.action HTTP/1.1" 200 110 http-bio-8888-exec-2 3
127.0.0.1 - - [07/Sep/2019:15:21:44 +0800] "POST /QuickRun/getUser.action HTTP/1.1" 200 134 http-bio-8888-exec-10 4
0:0:0:0:0:0:0:1 - - [07/Sep/2019:15:21:44 +0800] "POST /QuickRun/query.action HTTP/1.1" 200 228 http-bio-8888-exec-7 6
0:0:0:0:0:0:0:1 - - [07/Sep/2019:15:21:44 +0800] "POST /QuickRun/queryAdd.action HTTP/1.1" 200 345 http-bio-8888-exec-5 5
0:0:0:0:0:0:0:1 - - [07/Sep/2019:15:21:44 +0800] "POST /QuickRun/queryTime.action HTTP/1.1" 200 110 http-bio-8888-exec-2 5
127.0.0.1 - - [07/Sep/2019:15:27:31 +0800] "POST /QuickRun/loginEmp.action HTTP/1.1" 200 179 http-bio-8888-exec-3 8
0:0:0:0:0:0:0:1 - - [07/Sep/2019:15:27:31 +0800] "POST /QuickRun/companyAll.action HTTP/1.1" 200 228 http-bio-8888-exec-9 5
0:0:0:0:0:0:0:1 - - [07/Sep/2019:15:27:31 +0800] "POST /QuickRun/addressEmp.action HTTP/1.1" 200 261 http-bio-8888-exec-1 24
0:0:0:0:0:0:0:1 - - [07/Sep/2019:15:27:32 +0800] "POST /QuickRun/orderEmpAll.action HTTP/1.1" 200 575 http-bio-8888-exec-6 77
0:0:0:0:0:0:0:1 - - [07/Sep/2019:15:27:34 +0800] "POST /QuickRun/findEmpAll.action HTTP/1.1" 200 454 http-bio-8888-exec-6 4
0:0:0:0:0:0:0:1 - - [07/Sep/2019:15:27:42 +0800] "POST /QuickRun/companyAll.action HTTP/1.1" 200 228 http-bio-8888-exec-1 5
0:0:0:0:0:0:0:1 - - [07/Sep/2019:15:27:42 +0800] "POST /QuickRun/orderEmpAll.action HTTP/1.1" 200 575 http-bio-8888-exec-6 5
0:0:0:0:0:0:0:1 - - [07/Sep/2019:15:27:42 +0800] "POST /QuickRun/addressEmp.action HTTP/1.1" 200 261 http-bio-8888-exec-9 4
0:0:0:0:0:0:0:1 - - [07/Sep/2019:15:27:47 +0800] "POST /QuickRun/orderEmpAll.action HTTP/1.1" 200 575 http-bio-8888-exec-9 6
0:0:0:0:0:0:0:1 - - [07/Sep/2019:15:27:52 +0800] "POST /QuickRun/findEmpAll.action HTTP/1.1" 200 454 http-bio-8888-exec-9 4
0:0:0:0:0:0:0:1 - - [07/Sep/2019:15:28:39 +0800] "POST /QuickRun/orderEmpAll.action HTTP/1.1" 200 575 http-bio-8888-exec-9 8
0:0:0:0:0:0:0:1 - - [07/Sep/2019:15:28:39 +0800] "POST /QuickRun/companyAll.action HTTP/1.1" 200 228 http-bio-8888-exec-6 9
0:0:0:0:0:0:0:1 - - [07/Sep/2019:15:28:39 +0800] "POST /QuickRun/addressEmp.action HTTP/1.1" 200 261 http-bio-8888-exec-1 7
0:0:0:0:0:0:0:1 - - [07/Sep/2019:15:28:41 +0800] "POST /QuickRun/findEmpAll.action HTTP/1.1" 200 454 http-bio-8888-exec-1 5
127.0.0.1 - - [07/Sep/2019:15:39:45 +0800] "POST /QuickRun/login.action HTTP/1.1" 200 11 http-bio-8888-exec-1 1534
