127.0.0.1 - - [07/Sep/2019:15:39:45 +0800] "POST /QuickRun/getUser.action HTTP/1.1" 200 134 http-bio-8888-exec-2 53
0:0:0:0:0:0:0:1 - - [07/Sep/2019:15:39:45 +0800] "POST /QuickRun/query.action HTTP/1.1" 200 228 http-bio-8888-exec-3 48
0:0:0:0:0:0:0:1 - - [07/Sep/2019:15:39:45 +0800] "POST /QuickRun/queryTime.action HTTP/1.1" 200 110 http-bio-8888-exec-5 48
0:0:0:0:0:0:0:1 - - [07/Sep/2019:15:39:45 +0800] "POST /QuickRun/queryAdd.action HTTP/1.1" 200 345 http-bio-8888-exec-4 46
127.0.0.1 - - [07/Sep/2019:15:39:50 +0800] "POST /QuickRun/getUser.action HTTP/1.1" 200 134 http-bio-8888-exec-6 9
0:0:0:0:0:0:0:1 - - [07/Sep/2019:15:39:50 +0800] "POST /QuickRun/query.action HTTP/1.1" 200 228 http-bio-8888-exec-8 7
0:0:0:0:0:0:0:1 - - [07/Sep/2019:15:39:50 +0800] "POST /QuickRun/queryTime.action HTTP/1.1" 200 110 http-bio-8888-exec-9 6
0:0:0:0:0:0:0:1 - - [07/Sep/2019:15:39:50 +0800] "POST /QuickRun/queryAdd.action HTTP/1.1" 200 345 http-bio-8888-exec-7 7
127.0.0.1 - - [07/Sep/2019:15:44:51 +0800] "POST /QuickRun/login.action HTTP/1.1" 200 11 http-bio-8888-exec-4 7
127.0.0.1 - - [07/Sep/2019:15:44:51 +0800] "POST /QuickRun/getUser.action HTTP/1.1" 200 134 http-bio-8888-exec-4 4
0:0:0:0:0:0:0:1 - - [07/Sep/2019:15:44:51 +0800] "POST /QuickRun/queryAdd.action HTTP/1.1" 200 345 http-bio-8888-exec-3 8
0:0:0:0:0:0:0:1 - - [07/Sep/2019:15:44:51 +0800] "POST /QuickRun/query.action HTTP/1.1" 200 228 http-bio-8888-exec-1 9
0:0:0:0:0:0:0:1 - - [07/Sep/2019:15:44:51 +0800] "POST /QuickRun/queryTime.action HTTP/1.1" 200 110 http-bio-8888-exec-9 10
127.0.0.1 - - [07/Sep/2019:15:44:55 +0800] "POST /QuickRun/getUser.action HTTP/1.1" 200 134 http-bio-8888-exec-4 9
0:0:0:0:0:0:0:1 - - [07/Sep/2019:15:44:55 +0800] "POST /QuickRun/query.action HTTP/1.1" 200 228 http-bio-8888-exec-9 5
0:0:0:0:0:0:0:1 - - [07/Sep/2019:15:44:55 +0800] "POST /QuickRun/queryTime.action HTTP/1.1" 200 110 http-bio-8888-exec-3 4
0:0:0:0:0:0:0:1 - - [07/Sep/2019:15:44:55 +0800] "POST /QuickRun/queryAdd.action HTTP/1.1" 200 345 http-bio-8888-exec-1 7
127.0.0.1 - - [07/Sep/2019:15:49:21 +0800] "POST /QuickRun/loginEmp.action HTTP/1.1" 200 179 http-bio-8888-exec-8 15
0:0:0:0:0:0:0:1 - - [07/Sep/2019:15:49:21 +0800] "POST /QuickRun/companyAll.action HTTP/1.1" 200 228 http-bio-8888-exec-9 8
0:0:0:0:0:0:0:1 - - [07/Sep/2019:15:49:21 +0800] "POST /QuickRun/addressEmp.action HTTP/1.1" 200 261 http-bio-8888-exec-6 18
0:0:0:0:0:0:0:1 - - [07/Sep/2019:15:49:21 +0800] "POST /QuickRun/orderEmpAll.action HTTP/1.1" 200 575 http-bio-8888-exec-7 85
0:0:0:0:0:0:0:1 - - [07/Sep/2019:15:50:12 +0800] "POST /QuickRun/insert.action HTTP/1.1" 200 - http-bio-8888-exec-3 25
127.0.0.1 - - [07/Sep/2019:15:50:12 +0800] "POST /QuickRun/getUser.action HTTP/1.1" 200 134 http-bio-8888-exec-8 10
127.0.0.1 - - [07/Sep/2019:15:50:12 +0800] "POST /QuickRun/getUser.action HTTP/1.1" 200 134 http-bio-8888-exec-8 7
0:0:0:0:0:0:0:1 - - [07/Sep/2019:15:50:12 +0800] "POST /QuickRun/selectorderbyuid.action HTTP/1.1" 500 5683 http-bio-8888-exec-7 15
127.0.0.1 - - [07/Sep/2019:15:53:55 +0800] "POST /QuickRun/getUser.action HTTP/1.1" 200 - http-bio-8888-exec-1 1128
0:0:0:0:0:0:0:1 - - [07/Sep/2019:15:53:56 +0800] "POST /QuickRun/queryTime.action HTTP/1.1" 200 110 http-bio-8888-exec-4 1448
0:0:0:0:0:0:0:1 - - [07/Sep/2019:15:53:56 +0800] "POST /QuickRun/query.action HTTP/1.1" 200 228 http-bio-8888-exec-2 1448
0:0:0:0:0:0:0:1 - - [07/Sep/2019:15:53:56 +0800] "POST /QuickRun/queryAdd.action HTTP/1.1" 200 345 http-bio-8888-exec-3 1448
127.0.0.1 - - [07/Sep/2019:15:54:02 +0800] "POST /QuickRun/login.action HTTP/1.1" 200 11 http-bio-8888-exec-5 28
127.0.0.1 - - [07/Sep/2019:15:54:02 +0800] "POST /QuickRun/getUser.action HTTP/1.1" 200 134 http-bio-8888-exec-9 4
0:0:0:0:0:0:0:1 - - [07/Sep/2019:15:54:02 +0800] "POST /QuickRun/query.action HTTP/1.1" 200 228 http-bio-8888-exec-8 6
0:0:0:0:0:0:0:1 - - [07/Sep/2019:15:54:02 +0800] "POST /QuickRun/queryAdd.action HTTP/1.1" 200 345 http-bio-8888-exec-6 6
0:0:0:0:0:0:0:1 - - [07/Sep/2019:15:54:02 +0800] "POST /QuickRun/queryTime.action HTTP/1.1" 200 110 http-bio-8888-exec-7 4
127.0.0.1 - - [07/Sep/2019:15:54:04 +0800] "POST /QuickRun/getUser.action HTTP/1.1" 200 134 http-bio-8888-exec-10 3
127.0.0.1 - - [07/Sep/2019:15:54:04 +0800] "POST /QuickRun/getUser.action HTTP/1.1" 200 134 http-bio-8888-exec-10 4
0:0:0:0:0:0:0:1 - - [07/Sep/2019:15:54:04 +0800] "GET /QuickRun/selectorderbyuid.action?callback=jQuery21008550538212632159_1567842844152&ord_code=&_=1567842844153 HTTP/1.1" 500 5681 http-bio-8888-exec-9 12
127.0.0.1 - - [07/Sep/2019:15:55:50 +0800] "POST /QuickRun/getUser.action HTTP/1.1" 200 134 http-bio-8888-exec-8 3
0:0:0:0:0:0:0:1 - - [07/Sep/2019:15:55:50 +0800] "POST /QuickRun/query.action HTTP/1.1" 200 228 http-bio-8888-exec-3 7
0:0:0:0:0:0:0:1 - - [07/Sep/2019:15:55:50 +0800] "POST /QuickRun/queryAdd.action HTTP/1.1" 200 345 http-bio-8888-exec-2 7
0:0:0:0:0:0:0:1 - - [07/Sep/2019:15:55:50 +0800] "POST /QuickRun/queryTime.action HTTP/1.1" 200 110 http-bio-8888-exec-5 6
127.0.0.1 - - [07/Sep/2019:15:59:10 +0800] "POST /QuickRun/getUser.action HTTP/1.1" 200 134 http-bio-8888-exec-7 10
0:0:0:0:0:0:0:1 - - [07/Sep/2019:15:59:10 +0800] "POST /QuickRun/query.action HTTP/1.1" 200 228 http-bio-8888-exec-4 6
0:0:0:0:0:0:0:1 - - [07/Sep/2019:15:59:10 +0800] "POST /QuickRun/queryTime.action HTTP/1.1" 200 110 http-bio-8888-exec-6 6
0:0:0:0:0:0:0:1 - - [07/Sep/2019:15:59:10 +0800] "POST /QuickRun/queryAdd.action HTTP/1.1" 200 345 http-bio-8888-exec-9 10
127.0.0.1 - - [07/Sep/2019:15:59:12 +0800] "POST /QuickRun/getUser.action HTTP/1.1" 200 134 http-bio-8888-exec-7 4
127.0.0.1 - - [07/Sep/2019:15:59:12 +0800] "POST /QuickRun/getUser.action HTTP/1.1" 200 134 http-bio-8888-exec-7 5
0:0:0:0:0:0:0:1 - - [07/Sep/2019:15:59:12 +0800] "POST /QuickRun/selectorderbyuid.action HTTP/1.1" 500 5683 http-bio-8888-exec-10 3
127.0.0.1 - - [07/Sep/2019:16:00:38 +0800] "POST /QuickRun/getUser.action HTTP/1.1" 200 134 http-bio-8888-exec-2 3
127.0.0.1 - - [07/Sep/2019:16:00:38 +0800] "POST /QuickRun/getUser.action HTTP/1.1" 200 134 http-bio-8888-exec-2 5
0:0:0:0:0:0:0:1 - - [07/Sep/2019:16:00:38 +0800] "POST /QuickRun/selectorderbyuid.action HTTP/1.1" 500 5683 http-bio-8888-exec-5 4
127.0.0.1 - - [07/Sep/2019:16:00:57 +0800] "POST /QuickRun/login.action HTTP/1.1" 200 11 http-bio-8888-exec-2 8
127.0.0.1 - - [07/Sep/2019:16:00:57 +0800] "POST /QuickRun/getUser.action HTTP/1.1" 200 134 http-bio-8888-exec-2 3
0:0:0:0:0:0:0:1 - - [07/Sep/2019:16:00:58 +0800] "POST /QuickRun/queryAdd.action HTTP/1.1" 200 345 http-bio-8888-exec-8 5
0:0:0:0:0:0:0:1 - - [07/Sep/2019:16:00:58 +0800] "POST /QuickRun/queryTime.action HTTP/1.1" 200 110 http-bio-8888-exec-9 5
0:0:0:0:0:0:0:1 - - [07/Sep/2019:16:00:58 +0800] "POST /QuickRun/query.action HTTP/1.1" 200 228 http-bio-8888-exec-4 7
127.0.0.1 - - [07/Sep/2019:16:00:59 +0800] "POST /QuickRun/getUser.action HTTP/1.1" 200 134 http-bio-8888-exec-2 3
127.0.0.1 - - [07/Sep/2019:16:00:59 +0800] "POST /QuickRun/getUser.action HTTP/1.1" 200 134 http-bio-8888-exec-2 4
0:0:0:0:0:0:0:1 - - [07/Sep/2019:16:00:59 +0800] "POST /QuickRun/selectorderbyuid.action HTTP/1.1" 500 5683 http-bio-8888-exec-10 4
127.0.0.1 - - [07/Sep/2019:16:01:51 +0800] "POST /QuickRun/login.action HTTP/1.1" 200 11 http-bio-8888-exec-1 1363
127.0.0.1 - - [07/Sep/2019:16:01:55 +0800] "POST /QuickRun/login.action HTTP/1.1" 200 11 http-bio-8888-exec-2 19
127.0.0.1 - - [07/Sep/2019:16:01:56 +0800] "POST /QuickRun/getUser.action HTTP/1.1" 200 134 http-bio-8888-exec-3 28
0:0:0:0:0:0:0:1 - - [07/Sep/2019:16:01:56 +0800] "POST /QuickRun/queryTime.action HTTP/1.1" 200 110 http-bio-8888-exec-7 26
0:0:0:0:0:0:0:1 - - [07/Sep/2019:16:01:56 +0800] "POST /QuickRun/query.action HTTP/1.1" 200 228 http-bio-8888-exec-5 30
0:0:0:0:0:0:0:1 - - [07/Sep/2019:16:01:56 +0800] "POST /QuickRun/queryAdd.action HTTP/1.1" 200 345 http-bio-8888-exec-6 27
127.0.0.1 - - [07/Sep/2019:16:01:59 +0800] "POST /QuickRun/getUser.action HTTP/1.1" 200 134 http-bio-8888-exec-4 9
127.0.0.1 - - [07/Sep/2019:16:01:59 +0800] "POST /QuickRun/getUser.action HTTP/1.1" 200 134 http-bio-8888-exec-1 6
0:0:0:0:0:0:0:1 - - [07/Sep/2019:16:01:59 +0800] "POST /QuickRun/selectorderbyuid.action HTTP/1.1" 500 5683 http-bio-8888-exec-2 15
127.0.0.1 - - [07/Sep/2019:16:15:38 +0800] "POST /QuickRun/login.action HTTP/1.1" 200 11 http-bio-8888-exec-5 11
127.0.0.1 - - [07/Sep/2019:16:15:42 +0800] "POST /QuickRun/login.action HTTP/1.1" 200 11 http-bio-8888-exec-5 6
127.0.0.1 - - [07/Sep/2019:16:15:43 +0800] "POST /QuickRun/getUser.action HTTP/1.1" 200 134 http-bio-8888-exec-5 5
0:0:0:0:0:0:0:1 - - [07/Sep/2019:16:15:43 +0800] "POST /QuickRun/query.action HTTP/1.1" 200 228 http-bio-8888-exec-2 8
0:0:0:0:0:0:0:1 - - [07/Sep/2019:16:15:43 +0800] "POST /QuickRun/queryTime.action HTTP/1.1" 200 110 http-bio-8888-exec-10 7
0:0:0:0:0:0:0:1 - - [07/Sep/2019:16:15:43 +0800] "POST /QuickRun/queryAdd.action HTTP/1.1" 200 345 http-bio-8888-exec-8 8
127.0.0.1 - - [07/Sep/2019:16:15:57 +0800] "POST /QuickRun/getUser.action HTTP/1.1" 200 134 http-bio-8888-exec-5 8
0:0:0:0:0:0:0:1 - - [07/Sep/2019:16:15:57 +0800] "POST /QuickRun/queryAdd.action HTTP/1.1" 200 345 http-bio-8888-exec-8 8
0:0:0:0:0:0:0:1 - - [07/Sep/2019:16:15:57 +0800] "POST /QuickRun/queryTime.action HTTP/1.1" 200 110 http-bio-8888-exec-2 9
0:0:0:0:0:0:0:1 - - [07/Sep/2019:16:15:57 +0800] "POST /QuickRun/query.action HTTP/1.1" 200 228 http-bio-8888-exec-4 10
127.0.0.1 - - [07/Sep/2019:16:16:00 +0800] "POST /QuickRun/getUser.action HTTP/1.1" 200 134 http-bio-8888-exec-5 4
0:0:0:0:0:0:0:1 - - [07/Sep/2019:16:16:00 +0800] "POST /QuickRun/query.action HTTP/1.1" 200 228 http-bio-8888-exec-3 7
0:0:0:0:0:0:0:1 - - [07/Sep/2019:16:16:00 +0800] "POST /QuickRun/queryAdd.action HTTP/1.1" 200 345 http-bio-8888-exec-4 9
0:0:0:0:0:0:0:1 - - [07/Sep/2019:16:16:00 +0800] "POST /QuickRun/queryTime.action HTTP/1.1" 200 110 http-bio-8888-exec-8 10
127.0.0.1 - - [07/Sep/2019:16:16:02 +0800] "POST /QuickRun/getUser.action HTTP/1.1" 200 134 http-bio-8888-exec-5 7
127.0.0.1 - - [07/Sep/2019:16:16:02 +0800] "POST /QuickRun/getUser.action HTTP/1.1" 200 134 http-bio-8888-exec-5 4
0:0:0:0:0:0:0:1 - - [07/Sep/2019:16:16:02 +0800] "POST /QuickRun/selectorderbyuid.action HTTP/1.1" 200 1129 http-bio-8888-exec-10 63
127.0.0.1 - - [07/Sep/2019:16:16:03 +0800] "POST /QuickRun/getUser.action HTTP/1.1" 200 134 http-bio-8888-exec-5 4
0:0:0:0:0:0:0:1 - - [07/Sep/2019:16:16:03 +0800] "POST /QuickRun/query.action HTTP/1.1" 200 228 http-bio-8888-exec-2 7
0:0:0:0:0:0:0:1 - - [07/Sep/2019:16:16:03 +0800] "POST /QuickRun/queryTime.action HTTP/1.1" 200 110 http-bio-8888-exec-3 5
0:0:0:0:0:0:0:1 - - [07/Sep/2019:16:16:03 +0800] "POST /QuickRun/queryAdd.action HTTP/1.1" 200 345 http-bio-8888-exec-4 6
127.0.0.1 - - [07/Sep/2019:16:16:27 +0800] "POST /QuickRun/getUser.action HTTP/1.1" 200 134 http-bio-8888-exec-5 4
0:0:0:0:0:0:0:1 - - [07/Sep/2019:16:16:27 +0800] "POST /QuickRun/queryAdd.action HTTP/1.1" 200 345 http-bio-8888-exec-8 6
0:0:0:0:0:0:0:1 - - [07/Sep/2019:16:16:27 +0800] "POST /QuickRun/queryTime.action HTTP/1.1" 200 110 http-bio-8888-exec-2 5
0:0:0:0:0:0:0:1 - - [07/Sep/2019:16:16:27 +0800] "POST /QuickRun/query.action HTTP/1.1" 200 228 http-bio-8888-exec-4 7
127.0.0.1 - - [07/Sep/2019:16:16:48 +0800] "POST /QuickRun/loginEmp.action HTTP/1.1" 200 179 http-bio-8888-exec-1 9
0:0:0:0:0:0:0:1 - - [07/Sep/2019:16:16:48 +0800] "POST /QuickRun/companyAll.action HTTP/1.1" 200 228 http-bio-8888-exec-2 27
0:0:0:0:0:0:0:1 - - [07/Sep/2019:16:16:48 +0800] "POST /QuickRun/addressEmp.action HTTP/1.1" 200 261 http-bio-8888-exec-8 38
0:0:0:0:0:0:0:1 - - [07/Sep/2019:16:16:48 +0800] "POST /QuickRun/orderEmpAll.action HTTP/1.1" 200 1134 http-bio-8888-exec-4 45
0:0:0:0:0:0:0:1 - - [07/Sep/2019:16:18:39 +0800] "POST /QuickRun/insert.action HTTP/1.1" 200 - http-bio-8888-exec-3 17
127.0.0.1 - - [07/Sep/2019:16:18:39 +0800] "POST /QuickRun/getUser.action HTTP/1.1" 200 134 http-bio-8888-exec-5 4
127.0.0.1 - - [07/Sep/2019:16:18:39 +0800] "POST /QuickRun/getUser.action HTTP/1.1" 200 134 http-bio-8888-exec-5 5
0:0:0:0:0:0:0:1 - - [07/Sep/2019:16:18:39 +0800] "POST /QuickRun/selectorderbyuid.action HTTP/1.1" 200 1687 http-bio-8888-exec-3 9
0:0:0:0:0:0:0:1 - - [07/Sep/2019:16:18:41 +0800] "POST /QuickRun/findOrderdetailsByordId.action HTTP/1.1" 200 726 http-bio-8888-exec-1 14
127.0.0.1 - - [07/Sep/2019:16:18:43 +0800] "POST /QuickRun/getUser.action HTTP/1.1" 200 134 http-bio-8888-exec-7 4
127.0.0.1 - - [07/Sep/2019:16:18:43 +0800] "POST /QuickRun/getUser.action HTTP/1.1" 200 134 http-bio-8888-exec-7 3
0:0:0:0:0:0:0:1 - - [07/Sep/2019:16:18:43 +0800] "POST /QuickRun/selectorderbyuid.action HTTP/1.1" 200 1687 http-bio-8888-exec-10 8
127.0.0.1 - - [07/Sep/2019:16:18:44 +0800] "POST /QuickRun/getUser.action HTTP/1.1" 200 134 http-bio-8888-exec-7 3
0:0:0:0:0:0:0:1 - - [07/Sep/2019:16:18:44 +0800] "POST /QuickRun/query.action HTTP/1.1" 200 228 http-bio-8888-exec-1 6
0:0:0:0:0:0:0:1 - - [07/Sep/2019:16:18:44 +0800] "POST /QuickRun/queryAdd.action HTTP/1.1" 200 345 http-bio-8888-exec-5 4
0:0:0:0:0:0:0:1 - - [07/Sep/2019:16:18:44 +0800] "POST /QuickRun/queryTime.action HTTP/1.1" 200 110 http-bio-8888-exec-3 3
0:0:0:0:0:0:0:1 - - [07/Sep/2019:16:19:12 +0800] "POST /QuickRun/insert.action HTTP/1.1" 200 - http-bio-8888-exec-10 14
127.0.0.1 - - [07/Sep/2019:16:19:12 +0800] "POST /QuickRun/getUser.action HTTP/1.1" 200 134 http-bio-8888-exec-7 5
127.0.0.1 - - [07/Sep/2019:16:19:12 +0800] "POST /QuickRun/getUser.action HTTP/1.1" 200 134 http-bio-8888-exec-7 3
0:0:0:0:0:0:0:1 - - [07/Sep/2019:16:19:12 +0800] "POST /QuickRun/selectorderbyuid.action HTTP/1.1" 200 2245 http-bio-8888-exec-10 15
0:0:0:0:0:0:0:1 - - [07/Sep/2019:16:19:14 +0800] "POST /QuickRun/findOrderdetailsByordId.action HTTP/1.1" 200 720 http-bio-8888-exec-5 12
127.0.0.1 - - [07/Sep/2019:16:19:16 +0800] "POST /QuickRun/getUser.action HTTP/1.1" 200 134 http-bio-8888-exec-7 5
127.0.0.1 - - [07/Sep/2019:16:19:16 +0800] "POST /QuickRun/getUser.action HTTP/1.1" 200 134 http-bio-8888-exec-9 4
0:0:0:0:0:0:0:1 - - [07/Sep/2019:16:19:16 +0800] "POST /QuickRun/selectorderbyuid.action HTTP/1.1" 200 2245 http-bio-8888-exec-10 13
0:0:0:0:0:0:0:1 - - [07/Sep/2019:16:19:34 +0800] "POST /QuickRun/companyAll.action HTTP/1.1" 200 228 http-bio-8888-exec-3 5
0:0:0:0:0:0:0:1 - - [07/Sep/2019:16:19:34 +0800] "POST /QuickRun/addressEmp.action HTTP/1.1" 200 261 http-bio-8888-exec-1 4
0:0:0:0:0:0:0:1 - - [07/Sep/2019:16:19:34 +0800] "POST /QuickRun/orderEmpAll.action HTTP/1.1" 200 2254 http-bio-8888-exec-5 9
0:0:0:0:0:0:0:1 - - [07/Sep/2019:16:19:44 +0800] "POST /QuickRun/updateOrderDelivery.action HTTP/1.1" 200 11 http-bio-8888-exec-5 12
0:0:0:0:0:0:0:1 - - [07/Sep/2019:16:19:44 +0800] "POST /QuickRun/orderEmpAll.action HTTP/1.1" 200 2254 http-bio-8888-exec-5 7
0:0:0:0:0:0:0:1 - - [07/Sep/2019:16:19:44 +0800] "POST /QuickRun/orderEmp.action HTTP/1.1" 200 575 http-bio-8888-exec-3 10
0:0:0:0:0:0:0:1 - - [07/Sep/2019:16:19:44 +0800] "POST /QuickRun/orderEmpNo.action HTTP/1.1" 200 1692 http-bio-8888-exec-1 14
0:0:0:0:0:0:0:1 - - [07/Sep/2019:16:19:48 +0800] "POST /QuickRun/orderEmp.action HTTP/1.1" 200 575 http-bio-8888-exec-1 5
0:0:0:0:0:0:0:1 - - [07/Sep/2019:16:19:49 +0800] "POST /QuickRun/orderEmpNo.action HTTP/1.1" 200 1692 http-bio-8888-exec-1 5
127.0.0.1 - - [07/Sep/2019:16:19:53 +0800] "POST /QuickRun/getUser.action HTTP/1.1" 200 134 http-bio-8888-exec-9 7
127.0.0.1 - - [07/Sep/2019:16:19:53 +0800] "POST /QuickRun/getUser.action HTTP/1.1" 200 134 http-bio-8888-exec-9 3
0:0:0:0:0:0:0:1 - - [07/Sep/2019:16:19:53 +0800] "POST /QuickRun/selectorderbyuid.action HTTP/1.1" 200 2245 http-bio-8888-exec-10 10
0:0:0:0:0:0:0:1 - - [07/Sep/2019:16:19:59 +0800] "POST /QuickRun/overSendOrder.action HTTP/1.1" 404 949 http-bio-8888-exec-1 4
0:0:0:0:0:0:0:1 - - [07/Sep/2019:16:20:02 +0800] "POST /QuickRun/overSendOrder.action HTTP/1.1" 404 949 http-bio-8888-exec-1 3
127.0.0.1 - - [07/Sep/2019:16:20:28 +0800] "POST /QuickRun/getUser.action HTTP/1.1" 200 134 http-bio-8888-exec-9 3
0:0:0:0:0:0:0:1 - - [07/Sep/2019:16:20:28 +0800] "POST /QuickRun/showUser.action HTTP/1.1" 200 360 http-bio-8888-exec-1 68
127.0.0.1 - - [07/Sep/2019:16:20:29 +0800] "GET /QuickRun/uploads/55e06ca9d4834ff4a5be25f2242a0c971567754481991u=3360783486,1590444896&fm=27&gp=0.jpg HTTP/1.1" 200 19889 http-bio-8888-exec-9 737
127.0.0.1 - - [07/Sep/2019:16:20:30 +0800] "POST /QuickRun/getUser.action HTTP/1.1" 200 134 http-bio-8888-exec-9 4
127.0.0.1 - - [07/Sep/2019:16:20:30 +0800] "POST /QuickRun/getUser.action HTTP/1.1" 200 134 http-bio-8888-exec-9 4
0:0:0:0:0:0:0:1 - - [07/Sep/2019:16:20:30 +0800] "POST /QuickRun/selectorderbyuid.action HTTP/1.1" 200 2245 http-bio-8888-exec-10 7
0:0:0:0:0:0:0:1 - - [07/Sep/2019:16:20:45 +0800] "POST /QuickRun/findEmpAll.action HTTP/1.1" 200 454 http-bio-8888-exec-1 5
0:0:0:0:0:0:0:1 - - [07/Sep/2019:16:21:18 +0800] "POST /QuickRun/updateOrderForward.action HTTP/1.1" 200 11 http-bio-8888-exec-8 13
0:0:0:0:0:0:0:1 - - [07/Sep/2019:16:21:18 +0800] "POST /QuickRun/orderEmpNo.action HTTP/1.1" 200 1133 http-bio-8888-exec-7 6
0:0:0:0:0:0:0:1 - - [07/Sep/2019:16:21:18 +0800] "POST /QuickRun/orderEmpAll.action HTTP/1.1" 200 2254 http-bio-8888-exec-8 7
0:0:0:0:0:0:0:1 - - [07/Sep/2019:16:21:18 +0800] "POST /QuickRun/orderEmp.action HTTP/1.1" 200 575 http-bio-8888-exec-6 9
0:0:0:0:0:0:0:1 - - [07/Sep/2019:16:21:24 +0800] "POST /QuickRun/companyAll.action HTTP/1.1" 200 228 http-bio-8888-exec-2 3
0:0:0:0:0:0:0:1 - - [07/Sep/2019:16:21:24 +0800] "POST /QuickRun/addressEmp.action HTTP/1.1" 200 12 http-bio-8888-exec-8 3
0:0:0:0:0:0:0:1 - - [07/Sep/2019:16:21:24 +0800] "POST /QuickRun/orderForwardPut.action HTTP/1.1" 200 12 http-bio-8888-exec-6 4
0:0:0:0:0:0:0:1 - - [07/Sep/2019:16:21:26 +0800] "POST /QuickRun/orderForwardSend.action HTTP/1.1" 200 572 http-bio-8888-exec-6 5
0:0:0:0:0:0:0:1 - - [07/Sep/2019:16:21:29 +0800] "POST /QuickRun/orderDetailEmp.action HTTP/1.1" 200 984 http-bio-8888-exec-6 5
0:0:0:0:0:0:0:1 - - [07/Sep/2019:16:21:35 +0800] "POST /QuickRun/orderForwardSend.action HTTP/1.1" 200 572 http-bio-8888-exec-6 4
0:0:0:0:0:0:0:1 - - [07/Sep/2019:16:21:36 +0800] "POST /QuickRun/orderForwardSend.action HTTP/1.1" 200 572 http-bio-8888-exec-1 19
0:0:0:0:0:0:0:1 - - [07/Sep/2019:16:21:36 +0800] "POST /QuickRun/orderForwardSend.action HTTP/1.1" 200 12 http-bio-8888-exec-1 6
0:0:0:0:0:0:0:1 - - [07/Sep/2019:16:21:36 +0800] "POST /QuickRun/orderForwardSend.action HTTP/1.1" 200 12 http-bio-8888-exec-1 4
0:0:0:0:0:0:0:1 - - [07/Sep/2019:16:21:36 +0800] "POST /QuickRun/orderForwardSend.action HTTP/1.1" 200 12 http-bio-8888-exec-1 11
0:0:0:0:0:0:0:1 - - [07/Sep/2019:16:21:37 +0800] "POST /QuickRun/orderForwardSend.action HTTP/1.1" 200 572 http-bio-8888-exec-1 3
0:0:0:0:0:0:0:1 - - [07/Sep/2019:16:21:37 +0800] "POST /QuickRun/orderForwardSend.action HTTP/1.1" 200 572 http-bio-8888-exec-1 5
0:0:0:0:0:0:0:1 - - [07/Sep/2019:16:21:38 +0800] "POST /QuickRun/orderForwardSend.action HTTP/1.1" 200 572 http-bio-8888-exec-1 5
0:0:0:0:0:0:0:1 - - [07/Sep/2019:16:21:52 +0800] "POST /QuickRun/orderForwardSend.action HTTP/1.1" 200 572 http-bio-8888-exec-1 6
0:0:0:0:0:0:0:1 - - [07/Sep/2019:16:21:52 +0800] "POST /QuickRun/orderForwardSend.action HTTP/1.1" 200 12 http-bio-8888-exec-1 5
0:0:0:0:0:0:0:1 - - [07/Sep/2019:16:21:52 +0800] "POST /QuickRun/orderForwardSend.action HTTP/1.1" 200 12 http-bio-8888-exec-1 3
0:0:0:0:0:0:0:1 - - [07/Sep/2019:16:21:52 +0800] "POST /QuickRun/orderForwardSend.action HTTP/1.1" 200 12 http-bio-8888-exec-1 7
0:0:0:0:0:0:0:1 - - [07/Sep/2019:16:21:52 +0800] "POST /QuickRun/orderForwardSend.action HTTP/1.1" 200 572 http-bio-8888-exec-1 5
0:0:0:0:0:0:0:1 - - [07/Sep/2019:16:21:53 +0800] "POST /QuickRun/orderForwardSend.action HTTP/1.1" 200 572 http-bio-8888-exec-1 4
0:0:0:0:0:0:0:1 - - [07/Sep/2019:16:21:55 +0800] "POST /QuickRun/orderForwardPut.action HTTP/1.1" 200 12 http-bio-8888-exec-1 3
0:0:0:0:0:0:0:1 - - [07/Sep/2019:16:21:56 +0800] "POST /QuickRun/orderForwardPut.action HTTP/1.1" 200 12 http-bio-8888-exec-1 4
0:0:0:0:0:0:0:1 - - [07/Sep/2019:16:21:56 +0800] "POST /QuickRun/orderForwardPut.action HTTP/1.1" 200 12 http-bio-8888-exec-1 7
0:0:0:0:0:0:0:1 - - [07/Sep/2019:16:21:56 +0800] "POST /QuickRun/orderForwardPut.action HTTP/1.1" 200 12 http-bio-8888-exec-1 3
0:0:0:0:0:0:0:1 - - [07/Sep/2019:16:21:56 +0800] "POST /QuickRun/orderForwardPut.action HTTP/1.1" 200 12 http-bio-8888-exec-1 3
0:0:0:0:0:0:0:1 - - [07/Sep/2019:16:21:57 +0800] "POST /QuickRun/orderForwardPut.action HTTP/1.1" 200 12 http-bio-8888-exec-1 4
0:0:0:0:0:0:0:1 - - [07/Sep/2019:16:21:57 +0800] "POST /QuickRun/orderForwardPut.action HTTP/1.1" 200 12 http-bio-8888-exec-1 4
0:0:0:0:0:0:0:1 - - [07/Sep/2019:16:21:57 +0800] "POST /QuickRun/orderForwardPut.action HTTP/1.1" 200 12 http-bio-8888-exec-1 3
0:0:0:0:0:0:0:1 - - [07/Sep/2019:16:22:00 +0800] "POST /QuickRun/companyAll.action HTTP/1.1" 200 228 http-bio-8888-exec-8 7
0:0:0:0:0:0:0:1 - - [07/Sep/2019:16:22:00 +0800] "POST /QuickRun/orderEmpAll.action HTTP/1.1" 200 2254 http-bio-8888-exec-1 9
0:0:0:0:0:0:0:1 - - [07/Sep/2019:16:22:00 +0800] "POST /QuickRun/addressEmp.action HTTP/1.1" 200 261 http-bio-8888-exec-2 8
0:0:0:0:0:0:0:1 - - [07/Sep/2019:16:22:01 +0800] "POST /QuickRun/companyAll.action HTTP/1.1" 200 228 http-bio-8888-exec-7 4
0:0:0:0:0:0:0:1 - - [07/Sep/2019:16:22:01 +0800] "POST /QuickRun/orderEmpAll.action HTTP/1.1" 200 2254 http-bio-8888-exec-2 6
0:0:0:0:0:0:0:1 - - [07/Sep/2019:16:22:01 +0800] "POST /QuickRun/addressEmp.action HTTP/1.1" 200 261 http-bio-8888-exec-8 4
0:0:0:0:0:0:0:1 - - [07/Sep/2019:16:22:01 +0800] "POST /QuickRun/orderEmpAll.action HTTP/1.1" 200 2254 http-bio-8888-exec-8 5
0:0:0:0:0:0:0:1 - - [07/Sep/2019:16:22:02 +0800] "POST /QuickRun/orderEmpAll.action HTTP/1.1" 200 1135 http-bio-8888-exec-8 6
0:0:0:0:0:0:0:1 - - [07/Sep/2019:16:22:02 +0800] "POST /QuickRun/orderEmpAll.action HTTP/1.1" 200 575 http-bio-8888-exec-4 6
0:0:0:0:0:0:0:1 - - [07/Sep/2019:16:22:02 +0800] "POST /QuickRun/orderEmpAll.action HTTP/1.1" 200 570 http-bio-8888-exec-4 6
0:0:0:0:0:0:0:1 - - [07/Sep/2019:16:22:03 +0800] "POST /QuickRun/orderEmpAll.action HTTP/1.1" 200 575 http-bio-8888-exec-4 3
0:0:0:0:0:0:0:1 - - [07/Sep/2019:16:22:03 +0800] "POST /QuickRun/orderEmpAll.action HTTP/1.1" 200 1135 http-bio-8888-exec-3 5
0:0:0:0:0:0:0:1 - - [07/Sep/2019:16:22:03 +0800] "POST /QuickRun/orderEmpAll.action HTTP/1.1" 200 2254 http-bio-8888-exec-3 5
0:0:0:0:0:0:0:1 - - [07/Sep/2019:16:22:03 +0800] "POST /QuickRun/orderEmpAll.action HTTP/1.1" 200 2254 http-bio-8888-exec-3 4
0:0:0:0:0:0:0:1 - - [07/Sep/2019:16:22:04 +0800] "POST /QuickRun/orderEmpAll.action HTTP/1.1" 200 572 http-bio-8888-exec-3 5
0:0:0:0:0:0:0:1 - - [07/Sep/2019:16:22:04 +0800] "POST /QuickRun/orderEmpAll.action HTTP/1.1" 200 1138 http-bio-8888-exec-3 4
0:0:0:0:0:0:0:1 - - [07/Sep/2019:16:22:04 +0800] "POST /QuickRun/orderEmpAll.action HTTP/1.1" 200 570 http-bio-8888-exec-3 7
0:0:0:0:0:0:0:1 - - [07/Sep/2019:16:22:04 +0800] "POST /QuickRun/orderEmpAll.action HTTP/1.1" 200 1138 http-bio-8888-exec-3 4
0:0:0:0:0:0:0:1 - - [07/Sep/2019:16:22:04 +0800] "POST /QuickRun/orderEmpAll.action HTTP/1.1" 200 572 http-bio-8888-exec-3 3
0:0:0:0:0:0:0:1 - - [07/Sep/2019:16:22:04 +0800] "POST /QuickRun/orderEmpAll.action HTTP/1.1" 200 2254 http-bio-8888-exec-3 4
0:0:0:0:0:0:0:1 - - [07/Sep/2019:16:22:07 +0800] "POST /QuickRun/orderForwardPut.action HTTP/1.1" 200 12 http-bio-8888-exec-3 6
0:0:0:0:0:0:0:1 - - [07/Sep/2019:16:22:07 +0800] "POST /QuickRun/addressEmp.action HTTP/1.1" 200 12 http-bio-8888-exec-7 4
0:0:0:0:0:0:0:1 - - [07/Sep/2019:16:22:07 +0800] "POST /QuickRun/companyAll.action HTTP/1.1" 200 228 http-bio-8888-exec-9 5
0:0:0:0:0:0:0:1 - - [07/Sep/2019:16:22:09 +0800] "POST /QuickRun/orderForwardSend.action HTTP/1.1" 200 572 http-bio-8888-exec-3 5
0:0:0:0:0:0:0:1 - - [07/Sep/2019:16:22:09 +0800] "POST /QuickRun/orderForwardSend.action HTTP/1.1" 200 572 http-bio-8888-exec-3 3
0:0:0:0:0:0:0:1 - - [07/Sep/2019:16:26:46 +0800] "POST /QuickRun/orderForwardPut.action HTTP/1.1" 200 12 http-bio-8888-exec-2 7
0:0:0:0:0:0:0:1 - - [07/Sep/2019:16:26:46 +0800] "POST /QuickRun/addressEmp.action HTTP/1.1" 200 261 http-bio-8888-exec-7 4
0:0:0:0:0:0:0:1 - - [07/Sep/2019:16:26:46 +0800] "POST /QuickRun/companyAll.action HTTP/1.1" 200 228 http-bio-8888-exec-10 5
0:0:0:0:0:0:0:1 - - [07/Sep/2019:16:26:48 +0800] "POST /QuickRun/orderForwardSend.action HTTP/1.1" 200 572 http-bio-8888-exec-10 3
0:0:0:0:0:0:0:1 - - [07/Sep/2019:16:26:49 +0800] "POST /QuickRun/orderForwardSend.action HTTP/1.1" 200 572 http-bio-8888-exec-10 4
0:0:0:0:0:0:0:1 - - [07/Sep/2019:16:26:49 +0800] "POST /QuickRun/orderForwardSend.action HTTP/1.1" 200 572 http-bio-8888-exec-10 14
0:0:0:0:0:0:0:1 - - [07/Sep/2019:16:26:49 +0800] "POST /QuickRun/orderForwardSend.action HTTP/1.1" 200 12 http-bio-8888-exec-10 8
0:0:0:0:0:0:0:1 - - [07/Sep/2019:16:26:49 +0800] "POST /QuickRun/orderForwardSend.action HTTP/1.1" 200 12 http-bio-8888-exec-10 6
0:0:0:0:0:0:0:1 - - [07/Sep/2019:16:26:50 +0800] "POST /QuickRun/orderForwardSend.action HTTP/1.1" 200 12 http-bio-8888-exec-10 8
0:0:0:0:0:0:0:1 - - [07/Sep/2019:16:26:50 +0800] "POST /QuickRun/orderForwardSend.action HTTP/1.1" 200 572 http-bio-8888-exec-10 8
0:0:0:0:0:0:0:1 - - [07/Sep/2019:16:26:50 +0800] "POST /QuickRun/orderForwardSend.action HTTP/1.1" 200 572 http-bio-8888-exec-10 5
0:0:0:0:0:0:0:1 - - [07/Sep/2019:16:26:53 +0800] "POST /QuickRun/companyAll.action HTTP/1.1" 200 228 http-bio-8888-exec-7 5
0:0:0:0:0:0:0:1 - - [07/Sep/2019:16:26:53 +0800] "POST /QuickRun/orderEmpAll.action HTTP/1.1" 200 2254 http-bio-8888-exec-10 7
0:0:0:0:0:0:0:1 - - [07/Sep/2019:16:26:53 +0800] "POST /QuickRun/addressEmp.action HTTP/1.1" 200 261 http-bio-8888-exec-8 9
0:0:0:0:0:0:0:1 - - [07/Sep/2019:16:27:06 +0800] "POST /QuickRun/orderEmpNo.action HTTP/1.1" 200 1133 http-bio-8888-exec-8 5
0:0:0:0:0:0:0:1 - - [07/Sep/2019:16:27:26 +0800] "POST /QuickRun/orderEmpNo.action HTTP/1.1" 200 576 http-bio-8888-exec-8 5
0:0:0:0:0:0:0:1 - - [07/Sep/2019:16:27:33 +0800] "POST /QuickRun/orderEmpNo.action HTTP/1.1" 200 1133 http-bio-8888-exec-8 3
0:0:0:0:0:0:0:1 - - [07/Sep/2019:16:27:33 +0800] "POST /QuickRun/orderEmpNo.action HTTP/1.1" 200 1133 http-bio-8888-exec-8 4
0:0:0:0:0:0:0:1 - - [07/Sep/2019:16:27:38 +0800] "POST /QuickRun/orderEmpNo.action HTTP/1.1" 200 570 http-bio-8888-exec-8 5
127.0.0.1 - - [07/Sep/2019:16:29:04 +0800] "POST /QuickRun/getUser.action HTTP/1.1" 200 134 http-bio-8888-exec-9 4
127.0.0.1 - - [07/Sep/2019:16:29:04 +0800] "POST /QuickRun/getUser.action HTTP/1.1" 200 134 http-bio-8888-exec-9 3
0:0:0:0:0:0:0:1 - - [07/Sep/2019:16:29:04 +0800] "POST /QuickRun/selectorderbyuid.action HTTP/1.1" 200 1687 http-bio-8888-exec-1 8
127.0.0.1 - - [07/Sep/2019:16:29:16 +0800] "POST /QuickRun/getUser.action HTTP/1.1" 200 134 http-bio-8888-exec-9 4
127.0.0.1 - - [07/Sep/2019:16:29:19 +0800] "POST /QuickRun/getUser.action HTTP/1.1" 200 134 http-bio-8888-exec-9 3
0:0:0:0:0:0:0:1 - - [07/Sep/2019:16:29:19 +0800] "POST /QuickRun/query.action HTTP/1.1" 200 228 http-bio-8888-exec-1 6
0:0:0:0:0:0:0:1 - - [07/Sep/2019:16:29:19 +0800] "POST /QuickRun/queryAdd.action HTTP/1.1" 200 345 http-bio-8888-exec-7 6
0:0:0:0:0:0:0:1 - - [07/Sep/2019:16:29:19 +0800] "POST /QuickRun/queryTime.action HTTP/1.1" 200 110 http-bio-8888-exec-10 4
127.0.0.1 - - [07/Sep/2019:16:29:24 +0800] "POST /QuickRun/getUser.action HTTP/1.1" 200 134 http-bio-8888-exec-6 4
127.0.0.1 - - [07/Sep/2019:16:29:24 +0800] "POST /QuickRun/getUser.action HTTP/1.1" 200 134 http-bio-8888-exec-5 3
0:0:0:0:0:0:0:1 - - [07/Sep/2019:16:29:24 +0800] "POST /QuickRun/selectorderbyuid.action HTTP/1.1" 200 1687 http-bio-8888-exec-10 7
127.0.0.1 - - [07/Sep/2019:16:29:31 +0800] "POST /QuickRun/getUser.action HTTP/1.1" 200 134 http-bio-8888-exec-5 3
0:0:0:0:0:0:0:1 - - [07/Sep/2019:16:29:31 +0800] "POST /QuickRun/showUser.action HTTP/1.1" 200 360 http-bio-8888-exec-10 6
127.0.0.1 - - [07/Sep/2019:16:29:33 +0800] "POST /QuickRun/getUser.action HTTP/1.1" 200 134 http-bio-8888-exec-5 2
127.0.0.1 - - [07/Sep/2019:16:29:33 +0800] "POST /QuickRun/getUser.action HTTP/1.1" 200 134 http-bio-8888-exec-5 3
0:0:0:0:0:0:0:1 - - [07/Sep/2019:16:29:33 +0800] "POST /QuickRun/selectorderbyuid.action HTTP/1.1" 200 1687 http-bio-8888-exec-3 4
0:0:0:0:0:0:0:1 - - [07/Sep/2019:16:29:36 +0800] "POST /QuickRun/findOrderdetailsByordId.action HTTP/1.1" 200 720 http-bio-8888-exec-3 6
127.0.0.1 - - [07/Sep/2019:16:29:40 +0800] "POST /QuickRun/getUser.action HTTP/1.1" 200 134 http-bio-8888-exec-5 6
127.0.0.1 - - [07/Sep/2019:16:29:40 +0800] "POST /QuickRun/getUser.action HTTP/1.1" 200 134 http-bio-8888-exec-5 2
0:0:0:0:0:0:0:1 - - [07/Sep/2019:16:29:40 +0800] "POST /QuickRun/selectorderbyuid.action HTTP/1.1" 200 1687 http-bio-8888-exec-3 3
127.0.0.1 - - [07/Sep/2019:16:29:42 +0800] "POST /QuickRun/getUser.action HTTP/1.1" 200 134 http-bio-8888-exec-10 3
0:0:0:0:0:0:0:1 - - [07/Sep/2019:16:29:42 +0800] "POST /QuickRun/showUser.action HTTP/1.1" 200 360 http-bio-8888-exec-3 4
127.0.0.1 - - [07/Sep/2019:16:29:42 +0800] "POST /QuickRun/getUser.action HTTP/1.1" 200 134 http-bio-8888-exec-10 2
127.0.0.1 - - [07/Sep/2019:16:29:43 +0800] "POST /QuickRun/showUser.action HTTP/1.1" 200 360 http-bio-8888-exec-8 6
127.0.0.1 - - [07/Sep/2019:16:29:48 +0800] "POST /QuickRun/getUser.action HTTP/1.1" 200 134 http-bio-8888-exec-10 3
0:0:0:0:0:0:0:1 - - [07/Sep/2019:16:29:48 +0800] "POST /QuickRun/showUser.action HTTP/1.1" 200 360 http-bio-8888-exec-3 5
127.0.0.1 - - [07/Sep/2019:16:29:51 +0800] "POST /QuickRun/getUser.action HTTP/1.1" 200 134 http-bio-8888-exec-10 3
127.0.0.1 - - [07/Sep/2019:16:29:52 +0800] "POST /QuickRun/getUser.action HTTP/1.1" 200 134 http-bio-8888-exec-10 3
0:0:0:0:0:0:0:1 - - [07/Sep/2019:16:29:52 +0800] "POST /QuickRun/showUser.action HTTP/1.1" 200 360 http-bio-8888-exec-3 5
127.0.0.1 - - [07/Sep/2019:16:33:03 +0800] "POST /QuickRun/getUser.action HTTP/1.1" 200 - http-bio-8888-exec-1 1024
0:0:0:0:0:0:0:1 - - [07/Sep/2019:16:33:04 +0800] "POST /QuickRun/showUser.action HTTP/1.1" 200 - http-bio-8888-exec-2 1465
127.0.0.1 - - [07/Sep/2019:16:33:04 +0800] "POST /QuickRun/getUser.action HTTP/1.1" 200 - http-bio-8888-exec-3 11
0:0:0:0:0:0:0:1 - - [07/Sep/2019:16:33:04 +0800] "POST /QuickRun/queryAdd.action HTTP/1.1" 200 345 http-bio-8888-exec-7 45
0:0:0:0:0:0:0:1 - - [07/Sep/2019:16:33:04 +0800] "POST /QuickRun/query.action HTTP/1.1" 200 228 http-bio-8888-exec-6 47
0:0:0:0:0:0:0:1 - - [07/Sep/2019:16:33:04 +0800] "POST /QuickRun/queryTime.action HTTP/1.1" 200 110 http-bio-8888-exec-8 46
127.0.0.1 - - [07/Sep/2019:16:33:04 +0800] "POST /QuickRun/getUser.action HTTP/1.1" 200 - http-bio-8888-exec-5 7
127.0.0.1 - - [07/Sep/2019:16:33:04 +0800] "POST /QuickRun/getUser.action HTTP/1.1" 200 - http-bio-8888-exec-5 5
0:0:0:0:0:0:0:1 - - [07/Sep/2019:16:33:04 +0800] "POST /QuickRun/selectorderbyuid.action HTTP/1.1" 500 5683 http-bio-8888-exec-10 14
127.0.0.1 - - [07/Sep/2019:16:33:09 +0800] "POST /QuickRun/getUser.action HTTP/1.1" 200 - http-bio-8888-exec-5 5
0:0:0:0:0:0:0:1 - - [07/Sep/2019:16:33:09 +0800] "POST /QuickRun/query.action HTTP/1.1" 200 228 http-bio-8888-exec-8 9
0:0:0:0:0:0:0:1 - - [07/Sep/2019:16:33:09 +0800] "POST /QuickRun/queryAdd.action HTTP/1.1" 200 345 http-bio-8888-exec-9 8
0:0:0:0:0:0:0:1 - - [07/Sep/2019:16:33:09 +0800] "POST /QuickRun/queryTime.action HTTP/1.1" 200 110 http-bio-8888-exec-6 7
127.0.0.1 - - [07/Sep/2019:16:33:10 +0800] "POST /QuickRun/getUser.action HTTP/1.1" 200 - http-bio-8888-exec-5 4
127.0.0.1 - - [07/Sep/2019:16:33:15 +0800] "POST /QuickRun/getUser.action HTTP/1.1" 200 - http-bio-8888-exec-5 5
127.0.0.1 - - [07/Sep/2019:16:33:16 +0800] "POST /QuickRun/getUser.action HTTP/1.1" 200 - http-bio-8888-exec-5 4
127.0.0.1 - - [07/Sep/2019:16:33:16 +0800] "POST /QuickRun/getUser.action HTTP/1.1" 200 - http-bio-8888-exec-5 5
0:0:0:0:0:0:0:1 - - [07/Sep/2019:16:33:16 +0800] "POST /QuickRun/selectorderbyuid.action HTTP/1.1" 500 5683 http-bio-8888-exec-9 3
127.0.0.1 - - [07/Sep/2019:16:33:57 +0800] "POST /QuickRun/login.action HTTP/1.1" 200 11 http-bio-8888-exec-5 14
127.0.0.1 - - [07/Sep/2019:16:33:57 +0800] "POST /QuickRun/getUser.action HTTP/1.1" 200 134 http-bio-8888-exec-5 6
0:0:0:0:0:0:0:1 - - [07/Sep/2019:16:33:57 +0800] "POST /QuickRun/query.action HTTP/1.1" 200 228 http-bio-8888-exec-6 7
0:0:0:0:0:0:0:1 - - [07/Sep/2019:16:33:57 +0800] "POST /QuickRun/queryAdd.action HTTP/1.1" 200 345 http-bio-8888-exec-8 6
0:0:0:0:0:0:0:1 - - [07/Sep/2019:16:33:57 +0800] "POST /QuickRun/queryTime.action HTTP/1.1" 200 110 http-bio-8888-exec-4 5
127.0.0.1 - - [07/Sep/2019:16:34:46 +0800] "POST /QuickRun/getUser.action HTTP/1.1" 200 134 http-bio-8888-exec-2 31
127.0.0.1 - - [07/Sep/2019:16:34:46 +0800] "POST /QuickRun/getUser.action HTTP/1.1" 200 134 http-bio-8888-exec-2 4
0:0:0:0:0:0:0:1 - - [07/Sep/2019:16:34:46 +0800] "POST /QuickRun/selectorderbyuid.action HTTP/1.1" 200 1687 http-bio-8888-exec-4 58
0:0:0:0:0:0:0:1 - - [07/Sep/2019:16:34:52 +0800] "POST /QuickRun/companyAll.action HTTP/1.1" 200 228 http-bio-8888-exec-8 6
0:0:0:0:0:0:0:1 - - [07/Sep/2019:16:34:52 +0800] "POST /QuickRun/addressEmp.action HTTP/1.1" 200 261 http-bio-8888-exec-6 19
0:0:0:0:0:0:0:1 - - [07/Sep/2019:16:34:52 +0800] "POST /QuickRun/orderEmpAll.action HTTP/1.1" 200 2254 http-bio-8888-exec-4 30
0:0:0:0:0:0:0:1 - - [07/Sep/2019:16:34:56 +0800] "POST /QuickRun/orderEmpNo.action HTTP/1.1" 200 1133 http-bio-8888-exec-4 8
0:0:0:0:0:0:0:1 - - [07/Sep/2019:16:34:56 +0800] "POST /QuickRun/orderEmp.action HTTP/1.1" 200 575 http-bio-8888-exec-4 7
0:0:0:0:0:0:0:1 - - [07/Sep/2019:16:35:00 +0800] "POST /QuickRun/overSendOrder.action HTTP/1.1" 200 11 http-bio-8888-exec-4 9
0:0:0:0:0:0:0:1 - - [07/Sep/2019:16:35:00 +0800] "POST /QuickRun/selectorderbyuid.action HTTP/1.1" 200 1687 http-bio-8888-exec-4 8
0:0:0:0:0:0:0:1 - - [07/Sep/2019:16:35:23 +0800] "POST /QuickRun/orderEmpNo.action HTTP/1.1" 200 1133 http-bio-8888-exec-4 6
0:0:0:0:0:0:0:1 - - [07/Sep/2019:16:35:26 +0800] "POST /QuickRun/orderEmp.action HTTP/1.1" 200 575 http-bio-8888-exec-4 8
0:0:0:0:0:0:0:1 - - [07/Sep/2019:16:35:29 +0800] "POST /QuickRun/orderEmpNo.action HTTP/1.1" 200 1133 http-bio-8888-exec-4 5
0:0:0:0:0:0:0:1 - - [07/Sep/2019:16:35:37 +0800] "POST /QuickRun/updateOrderDelivery.action HTTP/1.1" 200 11 http-bio-8888-exec-4 12
0:0:0:0:0:0:0:1 - - [07/Sep/2019:16:35:37 +0800] "POST /QuickRun/orderEmpAll.action HTTP/1.1" 200 2254 http-bio-8888-exec-4 11
0:0:0:0:0:0:0:1 - - [07/Sep/2019:16:35:37 +0800] "POST /QuickRun/orderEmpNo.action HTTP/1.1" 200 570 http-bio-8888-exec-6 10
0:0:0:0:0:0:0:1 - - [07/Sep/2019:16:35:37 +0800] "POST /QuickRun/orderEmp.action HTTP/1.1" 200 1138 http-bio-8888-exec-8 11
0:0:0:0:0:0:0:1 - - [07/Sep/2019:16:35:40 +0800] "POST /QuickRun/orderEmp.action HTTP/1.1" 200 1138 http-bio-8888-exec-8 5
0:0:0:0:0:0:0:1 - - [07/Sep/2019:16:35:45 +0800] "POST /QuickRun/orderEmpNo.action HTTP/1.1" 200 570 http-bio-8888-exec-8 5
127.0.0.1 - - [07/Sep/2019:16:35:57 +0800] "POST /QuickRun/getUser.action HTTP/1.1" 200 134 http-bio-8888-exec-1 4
127.0.0.1 - - [07/Sep/2019:16:35:57 +0800] "POST /QuickRun/getUser.action HTTP/1.1" 200 134 http-bio-8888-exec-1 3
0:0:0:0:0:0:0:1 - - [07/Sep/2019:16:35:57 +0800] "POST /QuickRun/selectorderbyuid.action HTTP/1.1" 200 1687 http-bio-8888-exec-8 6
0:0:0:0:0:0:0:1 - - [07/Sep/2019:16:36:05 +0800] "POST /QuickRun/overSendOrder.action HTTP/1.1" 200 11 http-bio-8888-exec-8 8
0:0:0:0:0:0:0:1 - - [07/Sep/2019:16:36:05 +0800] "POST /QuickRun/selectorderbyuid.action HTTP/1.1" 200 1687 http-bio-8888-exec-8 6
0:0:0:0:0:0:0:1 - - [07/Sep/2019:16:36:17 +0800] "POST /QuickRun/deleteUserOrder.action HTTP/1.1" 500 16363 http-bio-8888-exec-8 50
127.0.0.1 - - [07/Sep/2019:16:42:17 +0800] "POST /QuickRun/login.action HTTP/1.1" 200 11 http-bio-8888-exec-1 1651
127.0.0.1 - - [07/Sep/2019:16:42:17 +0800] "POST /QuickRun/getUser.action HTTP/1.1" 200 134 http-bio-8888-exec-2 52
0:0:0:0:0:0:0:1 - - [07/Sep/2019:16:42:17 +0800] "POST /QuickRun/queryAdd.action HTTP/1.1" 200 345 http-bio-8888-exec-4 39
0:0:0:0:0:0:0:1 - - [07/Sep/2019:16:42:17 +0800] "POST /QuickRun/query.action HTTP/1.1" 200 228 http-bio-8888-exec-3 40
0:0:0:0:0:0:0:1 - - [07/Sep/2019:16:42:17 +0800] "POST /QuickRun/queryTime.action HTTP/1.1" 200 110 http-bio-8888-exec-5 36
127.0.0.1 - - [07/Sep/2019:16:42:19 +0800] "POST /QuickRun/getUser.action HTTP/1.1" 200 134 http-bio-8888-exec-6 5
127.0.0.1 - - [07/Sep/2019:16:42:19 +0800] "POST /QuickRun/getUser.action HTTP/1.1" 200 134 http-bio-8888-exec-10 5
0:0:0:0:0:0:0:1 - - [07/Sep/2019:16:42:19 +0800] "POST /QuickRun/selectorderbyuid.action HTTP/1.1" 200 1687 http-bio-8888-exec-7 62
0:0:0:0:0:0:0:1 - - [07/Sep/2019:16:42:22 +0800] "POST /QuickRun/deleteUserOrder.action HTTP/1.1" 200 11 http-bio-8888-exec-7 13
0:0:0:0:0:0:0:1 - - [07/Sep/2019:16:42:22 +0800] "POST /QuickRun/selectorderbyuid.action HTTP/1.1" 200 1129 http-bio-8888-exec-7 8
127.0.0.1 - - [07/Sep/2019:16:42:26 +0800] "POST /QuickRun/getUser.action HTTP/1.1" 200 134 http-bio-8888-exec-10 5
0:0:0:0:0:0:0:1 - - [07/Sep/2019:16:42:26 +0800] "POST /QuickRun/query.action HTTP/1.1" 200 228 http-bio-8888-exec-7 6
0:0:0:0:0:0:0:1 - - [07/Sep/2019:16:42:26 +0800] "POST /QuickRun/queryAdd.action HTTP/1.1" 200 345 http-bio-8888-exec-9 5
0:0:0:0:0:0:0:1 - - [07/Sep/2019:16:42:26 +0800] "POST /QuickRun/queryTime.action HTTP/1.1" 200 110 http-bio-8888-exec-8 4
127.0.0.1 - - [07/Sep/2019:16:45:22 +0800] "POST /QuickRun/getUser.action HTTP/1.1" 200 134 http-bio-8888-exec-4 5
0:0:0:0:0:0:0:1 - - [07/Sep/2019:16:45:22 +0800] "POST /QuickRun/queryTime.action HTTP/1.1" 200 110 http-bio-8888-exec-1 4
0:0:0:0:0:0:0:1 - - [07/Sep/2019:16:45:22 +0800] "POST /QuickRun/queryAdd.action HTTP/1.1" 200 345 http-bio-8888-exec-6 5
0:0:0:0:0:0:0:1 - - [07/Sep/2019:16:45:22 +0800] "POST /QuickRun/query.action HTTP/1.1" 200 228 http-bio-8888-exec-5 7
127.0.0.1 - - [07/Sep/2019:16:46:43 +0800] "POST /QuickRun/getUser.action HTTP/1.1" 200 134 http-bio-8888-exec-9 7
0:0:0:0:0:0:0:1 - - [07/Sep/2019:16:46:43 +0800] "POST /QuickRun/query.action HTTP/1.1" 200 228 http-bio-8888-exec-3 7
0:0:0:0:0:0:0:1 - - [07/Sep/2019:16:46:43 +0800] "POST /QuickRun/queryTime.action HTTP/1.1" 200 110 http-bio-8888-exec-1 6
0:0:0:0:0:0:0:1 - - [07/Sep/2019:16:46:43 +0800] "POST /QuickRun/queryAdd.action HTTP/1.1" 200 345 http-bio-8888-exec-7 8
127.0.0.1 - - [07/Sep/2019:16:46:55 +0800] "POST /QuickRun/getUser.action HTTP/1.1" 200 134 http-bio-8888-exec-9 5
0:0:0:0:0:0:0:1 - - [07/Sep/2019:16:46:55 +0800] "POST /QuickRun/queryAdd.action HTTP/1.1" 200 345 http-bio-8888-exec-1 7
0:0:0:0:0:0:0:1 - - [07/Sep/2019:16:46:55 +0800] "POST /QuickRun/queryTime.action HTTP/1.1" 200 110 http-bio-8888-exec-3 6
0:0:0:0:0:0:0:1 - - [07/Sep/2019:16:46:55 +0800] "POST /QuickRun/query.action HTTP/1.1" 200 228 http-bio-8888-exec-7 7
127.0.0.1 - - [07/Sep/2019:16:47:07 +0800] "POST /QuickRun/getUser.action HTTP/1.1" 200 134 http-bio-8888-exec-9 3
0:0:0:0:0:0:0:1 - - [07/Sep/2019:16:47:07 +0800] "POST /QuickRun/queryAdd.action HTTP/1.1" 200 345 http-bio-8888-exec-1 7
0:0:0:0:0:0:0:1 - - [07/Sep/2019:16:47:07 +0800] "POST /QuickRun/query.action HTTP/1.1" 200 228 http-bio-8888-exec-8 9
0:0:0:0:0:0:0:1 - - [07/Sep/2019:16:47:07 +0800] "POST /QuickRun/queryTime.action HTTP/1.1" 200 110 http-bio-8888-exec-2 9
127.0.0.1 - - [07/Sep/2019:16:47:33 +0800] "POST /QuickRun/getUser.action HTTP/1.1" 200 134 http-bio-8888-exec-9 4
0:0:0:0:0:0:0:1 - - [07/Sep/2019:16:47:33 +0800] "POST /QuickRun/queryAdd.action HTTP/1.1" 200 345 http-bio-8888-exec-8 4
0:0:0:0:0:0:0:1 - - [07/Sep/2019:16:47:33 +0800] "POST /QuickRun/query.action HTTP/1.1" 200 228 http-bio-8888-exec-2 5
0:0:0:0:0:0:0:1 - - [07/Sep/2019:16:47:33 +0800] "POST /QuickRun/queryTime.action HTTP/1.1" 200 110 http-bio-8888-exec-1 4
127.0.0.1 - - [07/Sep/2019:16:47:51 +0800] "POST /QuickRun/getUser.action HTTP/1.1" 200 134 http-bio-8888-exec-9 3
0:0:0:0:0:0:0:1 - - [07/Sep/2019:16:47:51 +0800] "POST /QuickRun/query.action HTTP/1.1" 200 228 http-bio-8888-exec-1 4
0:0:0:0:0:0:0:1 - - [07/Sep/2019:16:47:51 +0800] "POST /QuickRun/queryAdd.action HTTP/1.1" 200 345 http-bio-8888-exec-2 4
0:0:0:0:0:0:0:1 - - [07/Sep/2019:16:47:51 +0800] "POST /QuickRun/queryTime.action HTTP/1.1" 200 110 http-bio-8888-exec-8 4
127.0.0.1 - - [07/Sep/2019:16:48:11 +0800] "POST /QuickRun/getUser.action HTTP/1.1" 200 134 http-bio-8888-exec-9 5
0:0:0:0:0:0:0:1 - - [07/Sep/2019:16:48:11 +0800] "POST /QuickRun/queryAdd.action HTTP/1.1" 200 345 http-bio-8888-exec-3 4
0:0:0:0:0:0:0:1 - - [07/Sep/2019:16:48:11 +0800] "POST /QuickRun/queryTime.action HTTP/1.1" 200 110 http-bio-8888-exec-2 4
0:0:0:0:0:0:0:1 - - [07/Sep/2019:16:48:11 +0800] "POST /QuickRun/query.action HTTP/1.1" 200 228 http-bio-8888-exec-8 6
127.0.0.1 - - [07/Sep/2019:16:48:26 +0800] "POST /QuickRun/getUser.action HTTP/1.1" 200 134 http-bio-8888-exec-9 3
0:0:0:0:0:0:0:1 - - [07/Sep/2019:16:48:26 +0800] "POST /QuickRun/query.action HTTP/1.1" 200 228 http-bio-8888-exec-8 4
0:0:0:0:0:0:0:1 - - [07/Sep/2019:16:48:26 +0800] "POST /QuickRun/queryTime.action HTTP/1.1" 200 110 http-bio-8888-exec-10 3
0:0:0:0:0:0:0:1 - - [07/Sep/2019:16:48:26 +0800] "POST /QuickRun/queryAdd.action HTTP/1.1" 200 345 http-bio-8888-exec-2 3
127.0.0.1 - - [07/Sep/2019:16:48:37 +0800] "POST /QuickRun/getUser.action HTTP/1.1" 200 134 http-bio-8888-exec-9 4
0:0:0:0:0:0:0:1 - - [07/Sep/2019:16:48:37 +0800] "POST /QuickRun/query.action HTTP/1.1" 200 228 http-bio-8888-exec-2 4
0:0:0:0:0:0:0:1 - - [07/Sep/2019:16:48:37 +0800] "POST /QuickRun/queryTime.action HTTP/1.1" 200 110 http-bio-8888-exec-8 3
0:0:0:0:0:0:0:1 - - [07/Sep/2019:16:48:37 +0800] "POST /QuickRun/queryAdd.action HTTP/1.1" 200 345 http-bio-8888-exec-10 3
127.0.0.1 - - [07/Sep/2019:16:49:21 +0800] "POST /QuickRun/getUser.action HTTP/1.1" 200 134 http-bio-8888-exec-9 4
0:0:0:0:0:0:0:1 - - [07/Sep/2019:16:49:21 +0800] "POST /QuickRun/query.action HTTP/1.1" 200 228 http-bio-8888-exec-6 4
0:0:0:0:0:0:0:1 - - [07/Sep/2019:16:49:21 +0800] "POST /QuickRun/queryAdd.action HTTP/1.1" 200 345 http-bio-8888-exec-2 4
0:0:0:0:0:0:0:1 - - [07/Sep/2019:16:49:21 +0800] "POST /QuickRun/queryTime.action HTTP/1.1" 200 110 http-bio-8888-exec-10 4
127.0.0.1 - - [07/Sep/2019:16:49:53 +0800] "POST /QuickRun/getUser.action HTTP/1.1" 200 134 http-bio-8888-exec-9 4
0:0:0:0:0:0:0:1 - - [07/Sep/2019:16:49:53 +0800] "POST /QuickRun/queryAdd.action HTTP/1.1" 200 345 http-bio-8888-exec-2 4
0:0:0:0:0:0:0:1 - - [07/Sep/2019:16:49:53 +0800] "POST /QuickRun/query.action HTTP/1.1" 200 228 http-bio-8888-exec-8 4
0:0:0:0:0:0:0:1 - - [07/Sep/2019:16:49:53 +0800] "POST /QuickRun/queryTime.action HTTP/1.1" 200 110 http-bio-8888-exec-6 4
127.0.0.1 - - [07/Sep/2019:16:50:01 +0800] "POST /QuickRun/getUser.action HTTP/1.1" 200 134 http-bio-8888-exec-9 8
0:0:0:0:0:0:0:1 - - [07/Sep/2019:16:50:01 +0800] "POST /QuickRun/query.action HTTP/1.1" 200 228 http-bio-8888-exec-6 4
0:0:0:0:0:0:0:1 - - [07/Sep/2019:16:50:01 +0800] "POST /QuickRun/queryAdd.action HTTP/1.1" 200 345 http-bio-8888-exec-7 3
0:0:0:0:0:0:0:1 - - [07/Sep/2019:16:50:01 +0800] "POST /QuickRun/queryTime.action HTTP/1.1" 200 110 http-bio-8888-exec-2 4
127.0.0.1 - - [07/Sep/2019:16:50:06 +0800] "POST /QuickRun/getUser.action HTTP/1.1" 200 134 http-bio-8888-exec-9 4
0:0:0:0:0:0:0:1 - - [07/Sep/2019:16:50:06 +0800] "POST /QuickRun/queryAdd.action HTTP/1.1" 200 345 http-bio-8888-exec-7 3
0:0:0:0:0:0:0:1 - - [07/Sep/2019:16:50:06 +0800] "POST /QuickRun/query.action HTTP/1.1" 200 228 http-bio-8888-exec-2 4
0:0:0:0:0:0:0:1 - - [07/Sep/2019:16:50:06 +0800] "POST /QuickRun/queryTime.action HTTP/1.1" 200 110 http-bio-8888-exec-6 4
127.0.0.1 - - [07/Sep/2019:16:50:52 +0800] "POST /QuickRun/getUser.action HTTP/1.1" 200 134 http-bio-8888-exec-9 4
0:0:0:0:0:0:0:1 - - [07/Sep/2019:16:50:52 +0800] "POST /QuickRun/queryAdd.action HTTP/1.1" 200 345 http-bio-8888-exec-2 4
0:0:0:0:0:0:0:1 - - [07/Sep/2019:16:50:52 +0800] "POST /QuickRun/query.action HTTP/1.1" 200 228 http-bio-8888-exec-6 5
0:0:0:0:0:0:0:1 - - [07/Sep/2019:16:50:52 +0800] "POST /QuickRun/queryTime.action HTTP/1.1" 200 110 http-bio-8888-exec-5 3
127.0.0.1 - - [07/Sep/2019:16:51:55 +0800] "POST /QuickRun/getUser.action HTTP/1.1" 200 134 http-bio-8888-exec-3 4
0:0:0:0:0:0:0:1 - - [07/Sep/2019:16:51:55 +0800] "POST /QuickRun/query.action HTTP/1.1" 200 228 http-bio-8888-exec-1 4
0:0:0:0:0:0:0:1 - - [07/Sep/2019:16:51:55 +0800] "POST /QuickRun/queryTime.action HTTP/1.1" 200 110 http-bio-8888-exec-8 3
0:0:0:0:0:0:0:1 - - [07/Sep/2019:16:51:55 +0800] "POST /QuickRun/queryAdd.action HTTP/1.1" 200 345 http-bio-8888-exec-4 4
127.0.0.1 - - [07/Sep/2019:16:53:50 +0800] "POST /QuickRun/login.action HTTP/1.1" 200 11 http-bio-8888-exec-6 5
127.0.0.1 - - [07/Sep/2019:16:53:50 +0800] "POST /QuickRun/getUser.action HTTP/1.1" 200 134 http-bio-8888-exec-6 5
0:0:0:0:0:0:0:1 - - [07/Sep/2019:16:53:50 +0800] "POST /QuickRun/query.action HTTP/1.1" 200 228 http-bio-8888-exec-1 5
0:0:0:0:0:0:0:1 - - [07/Sep/2019:16:53:50 +0800] "POST /QuickRun/queryAdd.action HTTP/1.1" 200 345 http-bio-8888-exec-9 4
0:0:0:0:0:0:0:1 - - [07/Sep/2019:16:53:50 +0800] "POST /QuickRun/queryTime.action HTTP/1.1" 200 110 http-bio-8888-exec-5 3
127.0.0.1 - - [07/Sep/2019:16:54:03 +0800] "POST /QuickRun/loginEmp.action HTTP/1.1" 200 179 http-bio-8888-exec-6 9
0:0:0:0:0:0:0:1 - - [07/Sep/2019:16:54:03 +0800] "POST /QuickRun/companyAll.action HTTP/1.1" 200 228 http-bio-8888-exec-8 4
0:0:0:0:0:0:0:1 - - [07/Sep/2019:16:54:03 +0800] "POST /QuickRun/addressEmp.action HTTP/1.1" 200 261 http-bio-8888-exec-1 13
0:0:0:0:0:0:0:1 - - [07/Sep/2019:16:54:03 +0800] "POST /QuickRun/orderEmpAll.action HTTP/1.1" 200 2254 http-bio-8888-exec-5 21
127.0.0.1 - - [07/Sep/2019:16:54:06 +0800] "POST /QuickRun/getUser.action HTTP/1.1" 200 134 http-bio-8888-exec-6 4
127.0.0.1 - - [07/Sep/2019:16:54:26 +0800] "POST /QuickRun/getUser.action HTTP/1.1" 200 134 http-bio-8888-exec-6 2
0:0:0:0:0:0:0:1 - - [07/Sep/2019:16:54:26 +0800] "POST /QuickRun/query.action HTTP/1.1" 200 228 http-bio-8888-exec-5 4
0:0:0:0:0:0:0:1 - - [07/Sep/2019:16:54:26 +0800] "POST /QuickRun/queryAdd.action HTTP/1.1" 200 345 http-bio-8888-exec-1 6
0:0:0:0:0:0:0:1 - - [07/Sep/2019:16:54:26 +0800] "POST /QuickRun/queryTime.action HTTP/1.1" 200 110 http-bio-8888-exec-8 5
127.0.0.1 - - [07/Sep/2019:16:54:35 +0800] "POST /QuickRun/login.action HTTP/1.1" 200 11 http-bio-8888-exec-6 5
127.0.0.1 - - [07/Sep/2019:16:54:35 +0800] "POST /QuickRun/getUser.action HTTP/1.1" 200 143 http-bio-8888-exec-6 4
0:0:0:0:0:0:0:1 - - [07/Sep/2019:16:54:35 +0800] "POST /QuickRun/query.action HTTP/1.1" 200 228 http-bio-8888-exec-1 5
0:0:0:0:0:0:0:1 - - [07/Sep/2019:16:54:35 +0800] "POST /QuickRun/queryTime.action HTTP/1.1" 200 110 http-bio-8888-exec-5 4
0:0:0:0:0:0:0:1 - - [07/Sep/2019:16:54:35 +0800] "POST /QuickRun/queryAdd.action HTTP/1.1" 200 345 http-bio-8888-exec-2 4
127.0.0.1 - - [07/Sep/2019:16:54:36 +0800] "POST /QuickRun/getUser.action HTTP/1.1" 200 143 http-bio-8888-exec-6 3
0:0:0:0:0:0:0:1 - - [07/Sep/2019:16:54:36 +0800] "POST /QuickRun/showUser.action HTTP/1.1" 200 271 http-bio-8888-exec-5 76
127.0.0.1 - - [07/Sep/2019:16:54:36 +0800] "GET /QuickRun/uploads/default.gif HTTP/1.1" 200 52707 http-bio-8888-exec-6 94
127.0.0.1 - - [07/Sep/2019:16:54:39 +0800] "POST /QuickRun/getUser.action HTTP/1.1" 200 143 http-bio-8888-exec-6 2
127.0.0.1 - - [07/Sep/2019:16:54:48 +0800] "POST /QuickRun/loginEmp.action HTTP/1.1" 200 179 http-bio-8888-exec-6 6
0:0:0:0:0:0:0:1 - - [07/Sep/2019:16:54:48 +0800] "POST /QuickRun/companyAll.action HTTP/1.1" 200 228 http-bio-8888-exec-4 5
0:0:0:0:0:0:0:1 - - [07/Sep/2019:16:54:48 +0800] "POST /QuickRun/orderEmpAll.action HTTP/1.1" 200 12 http-bio-8888-exec-5 5
0:0:0:0:0:0:0:1 - - [07/Sep/2019:16:54:48 +0800] "POST /QuickRun/addressEmp.action HTTP/1.1" 200 95 http-bio-8888-exec-2 5
127.0.0.1 - - [07/Sep/2019:16:54:52 +0800] "POST /QuickRun/showEmp.action HTTP/1.1" 200 179 http-bio-8888-exec-9 6
0:0:0:0:0:0:0:1 - - [07/Sep/2019:16:54:53 +0800] "POST /QuickRun/companyAll.action HTTP/1.1" 200 228 http-bio-8888-exec-5 3
0:0:0:0:0:0:0:1 - - [07/Sep/2019:16:54:53 +0800] "POST /QuickRun/addressEmp.action HTTP/1.1" 200 95 http-bio-8888-exec-4 4
0:0:0:0:0:0:0:1 - - [07/Sep/2019:16:54:53 +0800] "POST /QuickRun/orderForwardPut.action HTTP/1.1" 200 572 http-bio-8888-exec-2 6
0:0:0:0:0:0:0:1 - - [07/Sep/2019:16:54:58 +0800] "POST /QuickRun/companyAll.action HTTP/1.1" 200 228 http-bio-8888-exec-4 3
0:0:0:0:0:0:0:1 - - [07/Sep/2019:16:54:58 +0800] "POST /QuickRun/orderEmpAll.action HTTP/1.1" 200 12 http-bio-8888-exec-2 4
0:0:0:0:0:0:0:1 - - [07/Sep/2019:16:54:58 +0800] "POST /QuickRun/addressEmp.action HTTP/1.1" 200 95 http-bio-8888-exec-5 3
127.0.0.1 - - [07/Sep/2019:16:55:01 +0800] "POST /QuickRun/getUser.action HTTP/1.1" 200 143 http-bio-8888-exec-6 3
0:0:0:0:0:0:0:1 - - [07/Sep/2019:16:55:01 +0800] "POST /QuickRun/queryAdd.action HTTP/1.1" 200 345 http-bio-8888-exec-7 4
0:0:0:0:0:0:0:1 - - [07/Sep/2019:16:55:01 +0800] "POST /QuickRun/queryTime.action HTTP/1.1" 200 110 http-bio-8888-exec-2 4
0:0:0:0:0:0:0:1 - - [07/Sep/2019:16:55:01 +0800] "POST /QuickRun/query.action HTTP/1.1" 200 228 http-bio-8888-exec-5 5
127.0.0.1 - - [07/Sep/2019:16:55:26 +0800] "POST /QuickRun/loginEmp.action HTTP/1.1" 200 179 http-bio-8888-exec-6 5
0:0:0:0:0:0:0:1 - - [07/Sep/2019:16:55:26 +0800] "POST /QuickRun/companyAll.action HTTP/1.1" 200 228 http-bio-8888-exec-5 7
0:0:0:0:0:0:0:1 - - [07/Sep/2019:16:55:26 +0800] "POST /QuickRun/orderEmpAll.action HTTP/1.1" 200 12 http-bio-8888-exec-2 8
0:0:0:0:0:0:0:1 - - [07/Sep/2019:16:55:26 +0800] "POST /QuickRun/addressEmp.action HTTP/1.1" 200 12 http-bio-8888-exec-7 6
127.0.0.1 - - [07/Sep/2019:16:55:30 +0800] "POST /QuickRun/showEmp.action HTTP/1.1" 200 179 http-bio-8888-exec-9 6
0:0:0:0:0:0:0:1 - - [07/Sep/2019:16:55:35 +0800] "POST /QuickRun/companyAll.action HTTP/1.1" 200 228 http-bio-8888-exec-5 3
